Component: ARM Compiler 5.06 update 6 (build 750) Tool: armlink [4d35ed]

==============================================================================

Section Cross References

    startup_stm32f10x_hd.o(RESET) refers to startup_stm32f10x_hd.o(.text) for Reset_Handler
    startup_stm32f10x_hd.o(RESET) refers to stm32f10x_it.o(i.NMI_Handler) for NMI_Handler
    startup_stm32f10x_hd.o(RESET) refers to stm32f10x_it.o(i.HardFault_Handler) for HardFault_Handler
    startup_stm32f10x_hd.o(RESET) refers to stm32f10x_it.o(i.MemManage_Handler) for MemManage_Handler
    startup_stm32f10x_hd.o(RESET) refers to stm32f10x_it.o(i.BusFault_Handler) for BusFault_Handler
    startup_stm32f10x_hd.o(RESET) refers to stm32f10x_it.o(i.UsageFault_Handler) for UsageFault_Handler
    startup_stm32f10x_hd.o(RESET) refers to stm32f10x_it.o(i.SVC_Handler) for SVC_Handler
    startup_stm32f10x_hd.o(RESET) refers to stm32f10x_it.o(i.DebugMon_Handler) for DebugMon_Handler
    startup_stm32f10x_hd.o(RESET) refers to stm32f10x_it.o(i.PendSV_Handler) for PendSV_Handler
    startup_stm32f10x_hd.o(RESET) refers to stm32f10x_it.o(i.SysTick_Handler) for SysTick_Handler
    startup_stm32f10x_hd.o(RESET) refers to stm32f10x_it.o(i.EXTI3_IRQHandler) for EXTI3_IRQHandler
    startup_stm32f10x_hd.o(RESET) refers to stm32f10x_it.o(i.TIM2_IRQHandler) for TIM2_IRQHandler
    startup_stm32f10x_hd.o(RESET) refers to stm32f10x_it.o(i.USART1_IRQHandler) for USART1_IRQHandler
    startup_stm32f10x_hd.o(RESET) refers to stm32f10x_it.o(i.USART2_IRQHandler) for USART2_IRQHandler
    startup_stm32f10x_hd.o(RESET) refers to stm32f10x_it.o(i.USART3_IRQHandler) for USART3_IRQHandler
    startup_stm32f10x_hd.o(.text) refers to startup_stm32f10x_hd.o(STACK) for __initial_sp
    startup_stm32f10x_hd.o(.text) refers to entry.o(.ARM.Collect$$$$00000000) for __main
    system_stm32f10x.o(i.SetHsiClock48) refers to stm32f10x_rcc.o(i.RCC_DeInit) for RCC_DeInit
    system_stm32f10x.o(i.SetHsiClock48) refers to stm32f10x_flash.o(i.FLASH_PrefetchBufferCmd) for FLASH_PrefetchBufferCmd
    system_stm32f10x.o(i.SetHsiClock48) refers to stm32f10x_flash.o(i.FLASH_SetLatency) for FLASH_SetLatency
    system_stm32f10x.o(i.SetHsiClock48) refers to stm32f10x_rcc.o(i.RCC_HCLKConfig) for RCC_HCLKConfig
    system_stm32f10x.o(i.SetHsiClock48) refers to stm32f10x_rcc.o(i.RCC_PCLK2Config) for RCC_PCLK2Config
    system_stm32f10x.o(i.SetHsiClock48) refers to stm32f10x_rcc.o(i.RCC_PCLK1Config) for RCC_PCLK1Config
    system_stm32f10x.o(i.SetHsiClock48) refers to stm32f10x_rcc.o(i.RCC_PLLConfig) for RCC_PLLConfig
    system_stm32f10x.o(i.SetHsiClock48) refers to stm32f10x_rcc.o(i.RCC_PLLCmd) for RCC_PLLCmd
    system_stm32f10x.o(i.SetHsiClock48) refers to stm32f10x_rcc.o(i.RCC_GetFlagStatus) for RCC_GetFlagStatus
    system_stm32f10x.o(i.SetHsiClock48) refers to stm32f10x_rcc.o(i.RCC_SYSCLKConfig) for RCC_SYSCLKConfig
    system_stm32f10x.o(i.SetHsiClock48) refers to stm32f10x_rcc.o(i.RCC_GetSYSCLKSource) for RCC_GetSYSCLKSource
    system_stm32f10x.o(i.SetSysClock) refers to system_stm32f10x.o(i.SetHsiClock48) for SetHsiClock48
    system_stm32f10x.o(i.SystemInit) refers to system_stm32f10x.o(i.SetSysClock) for SetSysClock
    stm32f10x_adc.o(i.ADC_DeInit) refers to stm32f10x_rcc.o(i.RCC_APB2PeriphResetCmd) for RCC_APB2PeriphResetCmd
    stm32f10x_bkp.o(i.BKP_DeInit) refers to stm32f10x_rcc.o(i.RCC_BackupResetCmd) for RCC_BackupResetCmd
    stm32f10x_can.o(i.CAN_DeInit) refers to stm32f10x_rcc.o(i.RCC_APB1PeriphResetCmd) for RCC_APB1PeriphResetCmd
    stm32f10x_can.o(i.CAN_GetITStatus) refers to stm32f10x_can.o(i.CheckITStatus) for CheckITStatus
    stm32f10x_can.o(i.CAN_Receive) refers to stm32f10x_can.o(i.CAN_FIFORelease) for CAN_FIFORelease
    stm32f10x_dac.o(i.DAC_DeInit) refers to stm32f10x_rcc.o(i.RCC_APB1PeriphResetCmd) for RCC_APB1PeriphResetCmd
    stm32f10x_flash.o(i.FLASH_EnableWriteProtection) refers to stm32f10x_flash.o(i.FLASH_WaitForLastOperation) for FLASH_WaitForLastOperation
    stm32f10x_flash.o(i.FLASH_EraseAllPages) refers to stm32f10x_flash.o(i.FLASH_WaitForLastOperation) for FLASH_WaitForLastOperation
    stm32f10x_flash.o(i.FLASH_EraseOptionBytes) refers to stm32f10x_flash.o(i.FLASH_WaitForLastOperation) for FLASH_WaitForLastOperation
    stm32f10x_flash.o(i.FLASH_ErasePage) refers to stm32f10x_flash.o(i.FLASH_WaitForLastOperation) for FLASH_WaitForLastOperation
    stm32f10x_flash.o(i.FLASH_ProgramHalfWord) refers to stm32f10x_flash.o(i.FLASH_WaitForLastOperation) for FLASH_WaitForLastOperation
    stm32f10x_flash.o(i.FLASH_ProgramOptionByteData) refers to stm32f10x_flash.o(i.FLASH_WaitForLastOperation) for FLASH_WaitForLastOperation
    stm32f10x_flash.o(i.FLASH_ProgramWord) refers to stm32f10x_flash.o(i.FLASH_WaitForLastOperation) for FLASH_WaitForLastOperation
    stm32f10x_flash.o(i.FLASH_ReadOutProtection) refers to stm32f10x_flash.o(i.FLASH_WaitForLastOperation) for FLASH_WaitForLastOperation
[...]
    Removing stm32f10x_tim.o(i.TIM_ForcedOC3Config), (18 bytes).
    Removing stm32f10x_tim.o(i.TIM_ForcedOC4Config), (26 bytes).
    Removing stm32f10x_tim.o(i.TIM_GenerateEvent), (4 bytes).
    Removing stm32f10x_tim.o(i.TIM_GetCapture1), (6 bytes).
    Removing stm32f10x_tim.o(i.TIM_GetCapture2), (6 bytes).
    Removing stm32f10x_tim.o(i.TIM_GetCapture3), (6 bytes).
    Removing stm32f10x_tim.o(i.TIM_GetCapture4), (8 bytes).
    Removing stm32f10x_tim.o(i.TIM_GetCounter), (6 bytes).
    Removing stm32f10x_tim.o(i.TIM_GetFlagStatus), (18 bytes).
    Removing stm32f10x_tim.o(i.TIM_GetPrescaler), (6 bytes).
    Removing stm32f10x_tim.o(i.TIM_ICInit), (110 bytes).
    Removing stm32f10x_tim.o(i.TIM_ICStructInit), (18 bytes).
    Removing stm32f10x_tim.o(i.TIM_ITRxExternalClockConfig), (24 bytes).
    Removing stm32f10x_tim.o(i.TIM_InternalClockConfig), (12 bytes).
    Removing stm32f10x_tim.o(i.TIM_OC1FastConfig), (18 bytes).
    Removing stm32f10x_tim.o(i.TIM_OC1Init), (120 bytes).
    Removing stm32f10x_tim.o(i.TIM_OC1NPolarityConfig), (18 bytes).
    Removing stm32f10x_tim.o(i.TIM_OC1PolarityConfig), (18 bytes).
    Removing stm32f10x_tim.o(i.TIM_OC1PreloadConfig), (18 bytes).
    Removing stm32f10x_tim.o(i.TIM_OC2FastConfig), (26 bytes).
    Removing stm32f10x_tim.o(i.TIM_OC2Init), (156 bytes).
    Removing stm32f10x_tim.o(i.TIM_OC2NPolarityConfig), (26 bytes).
    Removing stm32f10x_tim.o(i.TIM_OC2PolarityConfig), (26 bytes).
    Removing stm32f10x_tim.o(i.TIM_OC2PreloadConfig), (26 bytes).
    Removing stm32f10x_tim.o(i.TIM_OC3FastConfig), (18 bytes).
    Removing stm32f10x_tim.o(i.TIM_OC3Init), (152 bytes).
    Removing stm32f10x_tim.o(i.TIM_OC3NPolarityConfig), (26 bytes).
    Removing stm32f10x_tim.o(i.TIM_OC3PolarityConfig), (26 bytes).
    Removing stm32f10x_tim.o(i.TIM_OC3PreloadConfig), (18 bytes).
    Removing stm32f10x_tim.o(i.TIM_OC4FastConfig), (26 bytes).
    Removing stm32f10x_tim.o(i.TIM_OC4Init), (116 bytes).
    Removing stm32f10x_tim.o(i.TIM_OC4PolarityConfig), (26 bytes).
    Removing stm32f10x_tim.o(i.TIM_OC4PreloadConfig), (26 bytes).
    Removing stm32f10x_tim.o(i.TIM_OCStructInit), (20 bytes).
    Removing stm32f10x_tim.o(i.TIM_PWMIConfig), (124 bytes).
    Removing stm32f10x_tim.o(i.TIM_PrescalerConfig), (6 bytes).
    Removing stm32f10x_tim.o(i.TIM_SelectCCDMA), (24 bytes).
    Removing stm32f10x_tim.o(i.TIM_SelectCOM), (24 bytes).
    Removing stm32f10x_tim.o(i.TIM_SelectHallSensor), (24 bytes).
    Removing stm32f10x_tim.o(i.TIM_SelectInputTrigger), (18 bytes).
    Removing stm32f10x_tim.o(i.TIM_SelectMasterSlaveMode), (18 bytes).
    Removing stm32f10x_tim.o(i.TIM_SelectOCxM), (86 bytes).
    Removing stm32f10x_tim.o(i.TIM_SelectOnePulseMode), (18 bytes).
    Removing stm32f10x_tim.o(i.TIM_SelectOutputTrigger), (18 bytes).
    Removing stm32f10x_tim.o(i.TIM_SelectSlaveMode), (18 bytes).
    Removing stm32f10x_tim.o(i.TIM_SetAutoreload), (4 bytes).
    Removing stm32f10x_tim.o(i.TIM_SetClockDivision), (14 bytes).
    Removing stm32f10x_tim.o(i.TIM_SetCompare1), (4 bytes).
    Removing stm32f10x_tim.o(i.TIM_SetCompare2), (4 bytes).
    Removing stm32f10x_tim.o(i.TIM_SetCompare3), (4 bytes).
    Removing stm32f10x_tim.o(i.TIM_SetCompare4), (6 bytes).
    Removing stm32f10x_tim.o(i.TIM_SetCounter), (4 bytes).
    Removing stm32f10x_tim.o(i.TIM_SetIC1Prescaler), (18 bytes).
    Removing stm32f10x_tim.o(i.TIM_SetIC2Prescaler), (26 bytes).
    Removing stm32f10x_tim.o(i.TIM_SetIC3Prescaler), (18 bytes).
    Removing stm32f10x_tim.o(i.TIM_SetIC4Prescaler), (26 bytes).
    Removing stm32f10x_tim.o(i.TIM_TIxExternalClockConfig), (62 bytes).
    Removing stm32f10x_tim.o(i.TIM_TimeBaseStructInit), (18 bytes).
    Removing stm32f10x_tim.o(i.TIM_UpdateDisableConfig), (24 bytes).
    Removing stm32f10x_usart.o(i.USART_ClearFlag), (18 bytes).
    Removing stm32f10x_usart.o(i.USART_ClockInit), (34 bytes).
    Removing stm32f10x_usart.o(i.USART_ClockStructInit), (12 bytes).
    Removing stm32f10x_usart.o(i.USART_DMACmd), (18 bytes).
    Removing stm32f10x_usart.o(i.USART_DeInit), (156 bytes).
    Removing stm32f10x_usart.o(i.USART_HalfDuplexCmd), (24 bytes).
    Removing stm32f10x_usart.o(i.USART_IrDACmd), (24 bytes).
    Removing stm32f10x_usart.o(i.USART_IrDAConfig), (18 bytes).
    Removing stm32f10x_usart.o(i.USART_LINBreakDetectLengthConfig), (18 bytes).
    Removing stm32f10x_usart.o(i.USART_LINCmd), (24 bytes).
    Removing stm32f10x_usart.o(i.USART_ReceiverWakeUpCmd), (24 bytes).
    Removing stm32f10x_usart.o(i.USART_SendBreak), (10 bytes).
    Removing stm32f10x_usart.o(i.USART_SetAddress), (18 bytes).
    Removing stm32f10x_usart.o(i.USART_SetGuardTime), (16 bytes).
    Removing stm32f10x_usart.o(i.USART_SetPrescaler), (16 bytes).
    Removing stm32f10x_usart.o(i.USART_SmartCardCmd), (24 bytes).
    Removing stm32f10x_usart.o(i.USART_SmartCardNACKCmd), (24 bytes).
    Removing stm32f10x_usart.o(i.USART_StructInit), (24 bytes).
    Removing stm32f10x_usart.o(i.USART_WakeUpConfig), (18 bytes).
    Removing stm32f10x_wwdg.o(i.WWDG_ClearFlag), (12 bytes).
    Removing stm32f10x_wwdg.o(i.WWDG_DeInit), (22 bytes).
    Removing stm32f10x_wwdg.o(i.WWDG_Enable), (16 bytes).
    Removing stm32f10x_wwdg.o(i.WWDG_EnableIT), (12 bytes).
    Removing stm32f10x_wwdg.o(i.WWDG_GetFlagStatus), (12 bytes).
    Removing stm32f10x_wwdg.o(i.WWDG_SetCounter), (16 bytes).
    Removing stm32f10x_wwdg.o(i.WWDG_SetPrescaler), (24 bytes).
    Removing stm32f10x_wwdg.o(i.WWDG_SetWindowValue), (40 bytes).
    Removing main.o(i.DelayUs), (44 bytes).
    Removing main.o(i.Func_SendACK), (48 bytes).
    Removing main.o(i.Func_SendState), (16 bytes).
    Removing main.o(i.Func_SetParam), (26 bytes).
    Removing main.o(i.SendTest), (106 bytes).
    Removing usr_tcp232.o(i.Check_Tcp), (680 bytes).
    Removing usr_tcp232.o(i.Start_Check_Tcp), (24 bytes).
    Removing usr_tcp232.o(i.data_send), (40 bytes).
    Removing usr_tcp232.o(i.hw_usr_init), (2 bytes).
    Removing usr_tcp232.o(i.hw_usr_reset), (48 bytes).
    Removing led.o(i.hw_led_fls_off), (68 bytes).
    Removing led.o(i.hw_led_init), (72 bytes).
    Removing led.o(i.hw_leds_off), (36 bytes).
    Removing led.o(i.hw_led_cpl), (48 bytes).

405 unused section(s) (total 16058 bytes) removed from the image.

==============================================================================

Image Symbol Table

    Local Symbols

    Symbol Name                              Value     Ov Type        Size  Object(Section)

    ../clib/microlib/division.c              0x00000000   Number         0  uidiv.o ABSOLUTE
    ../clib/microlib/division.c              0x00000000   Number         0  uldiv.o ABSOLUTE
    ../clib/microlib/init/entry.s            0x00000000   Number         0  entry8b.o ABSOLUTE
    ../clib/microlib/init/entry.s            0x00000000   Number         0  entry5.o ABSOLUTE
    ../clib/microlib/init/entry.s            0x00000000   Number         0  entry7b.o ABSOLUTE
    ../clib/microlib/init/entry.s            0x00000000   Number         0  entry11a.o ABSOLUTE
    ../clib/microlib/init/entry.s            0x00000000   Number         0  entry10b.o ABSOLUTE
    ../clib/microlib/init/entry.s            0x00000000   Number         0  entry9a.o ABSOLUTE
    ../clib/microlib/init/entry.s            0x00000000   Number         0  entry11b.o ABSOLUTE
    ../clib/microlib/init/entry.s            0x00000000   Number         0  entry7a.o ABSOLUTE
    ../clib/microlib/init/entry.s            0x00000000   Number         0  entry8a.o ABSOLUTE
    ../clib/microlib/init/entry.s            0x00000000   Number         0  entry.o ABSOLUTE
    ../clib/microlib/init/entry.s            0x00000000   Number         0  entry10a.o ABSOLUTE
    ../clib/microlib/init/entry.s            0x00000000   Number         0  entry2.o ABSOLUTE
    ../clib/microlib/init/entry.s            0x00000000   Number         0  entry9b.o ABSOLUTE
    ../clib/microlib/longlong.c              0x00000000   Number         0  llsshr.o ABSOLUTE
    ../clib/microlib/longlong.c              0x00000000   Number         0  llushr.o ABSOLUTE
    ../clib/microlib/longlong.c              0x00000000   Number         0  llshl.o ABSOLUTE
    ../clib/microlib/printf/printf.c         0x00000000   Number         0  printfa.o ABSOLUTE
    ../clib/microlib/printf/printf.c         0x00000000   Number         0  printf4.o ABSOLUTE
    ../clib/microlib/printf/printf.c         0x00000000   Number         0  printf5.o ABSOLUTE
    ../clib/microlib/printf/printf.c         0x00000000   Number         0  printf3.o ABSOLUTE
    ../clib/microlib/printf/printf.c         0x00000000   Number         0  printf2.o ABSOLUTE
    ../clib/microlib/printf/printf.c         0x00000000   Number         0  printf1.o ABSOLUTE
    ../clib/microlib/printf/printf.c         0x00000000   Number         0  printf0.o ABSOLUTE
    ../clib/microlib/printf/printf.c         0x00000000   Number         0  printfb.o ABSOLUTE
    ../clib/microlib/printf/printf.c         0x00000000   Number         0  printf8.o ABSOLUTE
    ../clib/microlib/printf/printf.c         0x00000000   Number         0  printf6.o ABSOLUTE
    ../clib/microlib/printf/printf.c         0x00000000   Number         0  printf7.o ABSOLUTE
    ../clib/microlib/printf/stubs.s          0x00000000   Number         0  stubs.o ABSOLUTE
    ../clib/microlib/stdio/streams.c         0x00000000   Number         0  stdout.o ABSOLUTE
    ../clib/microlib/string/memcpy.c         0x00000000   Number         0  memcpya.o ABSOLUTE
    ../clib/microlib/string/memcpy.c         0x00000000   Number         0  memcpyb.o ABSOLUTE
    ../clib/microlib/string/memset.c         0x00000000   Number         0  memseta.o ABSOLUTE
    ../clib/microlib/string/strcpy.c         0x00000000   Number         0  strcpy.o ABSOLUTE
    ../clib/microlib/string/strlcpy.c        0x00000000   Number         0  strlcpy.o ABSOLUTE
    ../clib/microlib/string/strlen.c         0x00000000   Number         0  strlen.o ABSOLUTE
    ../clib/microlib/string/strstr.c         0x00000000   Number         0  strstr.o ABSOLUTE
    ../clib/microlib/stubs.s                 0x00000000   Number         0  iusefp.o ABSOLUTE
    ../fplib/microlib/fpadd.c                0x00000000   Number         0  dadd.o ABSOLUTE
    ../fplib/microlib/fpdiv.c                0x00000000   Number         0  ddiv.o ABSOLUTE
    ../fplib/microlib/fpdiv.c                0x00000000   Number         0  fdiv.o ABSOLUTE
    ../fplib/microlib/fpepilogue.c           0x00000000   Number         0  depilogue.o ABSOLUTE
    ../fplib/microlib/fpepilogue.c           0x00000000   Number         0  fepilogue.o ABSOLUTE
    ../fplib/microlib/fpfix.c                0x00000000   Number         0  dfixul.o ABSOLUTE
    ../fplib/microlib/fpfix.c                0x00000000   Number         0  ffixui.o ABSOLUTE
    ../fplib/microlib/fpflt.c                0x00000000   Number         0  ffltui.o ABSOLUTE
    ../fplib/microlib/fpmul.c                0x00000000   Number         0  dmul.o ABSOLUTE
    ../fplib/microlib/fpmul.c                0x00000000   Number         0  fmul.o ABSOLUTE
    ..\Libraries\CMSIS\Core\CM3\core_cm3.c   0x00000000   Number         0  core_cm3.o ABSOLUTE
    ..\Libraries\CMSIS\Core\CM3\startup\arm\startup_stm32f10x_hd.s 0x00000000   Number         0  startup_stm32f10x_hd.o ABSOLUTE
    ..\Libraries\CMSIS\Core\CM3\system_stm32f10x.c 0x00000000   Number         0  system_stm32f10x.o ABSOLUTE
    ..\Libraries\STM32F10x_StdPeriph_Driver\src\misc.c 0x00000000   Number         0  misc.o ABSOLUTE
    ..\Libraries\STM32F10x_StdPeriph_Driver\src\stm32f10x_adc.c 0x00000000   Number         0  stm32f10x_adc.o ABSOLUTE
    ..\Libraries\STM32F10x_StdPeriph_Driver\src\stm32f10x_bkp.c 0x00000000   Number         0  stm32f10x_bkp.o ABSOLUTE
    ..\Libraries\STM32F10x_StdPeriph_Driver\src\stm32f10x_can.c 0x00000000   Number         0  stm32f10x_can.o ABSOLUTE
    ..\Libraries\STM32F10x_StdPeriph_Driver\src\stm32f10x_crc.c 0x00000000   Number         0  stm32f10x_crc.o ABSOLUTE
    ..\Libraries\STM32F10x_StdPeriph_Driver\src\stm32f10x_dac.c 0x00000000   Number         0  stm32f10x_dac.o ABSOLUTE
    ..\Libraries\STM32F10x_StdPeriph_Driver\src\stm32f10x_dbgmcu.c 0x00000000   Number         0  stm32f10x_dbgmcu.o ABSOLUTE
    ..\Libraries\STM32F10x_StdPeriph_Driver\src\stm32f10x_dma.c 0x00000000   Number         0  stm32f10x_dma.o ABSOLUTE
    ..\Libraries\STM32F10x_StdPeriph_Driver\src\stm32f10x_exti.c 0x00000000   Number         0  stm32f10x_exti.o ABSOLUTE
    ..\Libraries\STM32F10x_StdPeriph_Driver\src\stm32f10x_flash.c 0x00000000   Number         0  stm32f10x_flash.o ABSOLUTE
    ..\Libraries\STM32F10x_StdPeriph_Driver\src\stm32f10x_fsmc.c 0x00000000   Number         0  stm32f10x_fsmc.o ABSOLUTE
    ..\Libraries\STM32F10x_StdPeriph_Driver\src\stm32f10x_gpio.c 0x00000000   Number         0  stm32f10x_gpio.o ABSOLUTE
    ..\Libraries\STM32F10x_StdPeriph_Driver\src\stm32f10x_i2c.c 0x00000000   Number         0  stm32f10x_i2c.o ABSOLUTE
    ..\Libraries\STM32F10x_StdPeriph_Driver\src\stm32f10x_iwdg.c 0x00000000   Number         0  stm32f10x_iwdg.o ABSOLUTE
    ..\Libraries\STM32F10x_StdPeriph_Driver\src\stm32f10x_pwr.c 0x00000000   Number         0  stm32f10x_pwr.o ABSOLUTE
    ..\Libraries\STM32F10x_StdPeriph_Driver\src\stm32f10x_rcc.c 0x00000000   Number         0  stm32f10x_rcc.o ABSOLUTE
    ..\Libraries\STM32F10x_StdPeriph_Driver\src\stm32f10x_rtc.c 0x00000000   Number         0  stm32f10x_rtc.o ABSOLUTE
    ..\Libraries\STM32F10x_StdPeriph_Driver\src\stm32f10x_sdio.c 0x00000000   Number         0  stm32f10x_sdio.o ABSOLUTE
    ..\Libraries\STM32F10x_StdPeriph_Driver\src\stm32f10x_spi.c 0x00000000   Number         0  stm32f10x_spi.o ABSOLUTE
    ..\Libraries\STM32F10x_StdPeriph_Driver\src\stm32f10x_tim.c 0x00000000   Number         0  stm32f10x_tim.o ABSOLUTE
    ..\Libraries\STM32F10x_StdPeriph_Driver\src\stm32f10x_usart.c 0x00000000   Number         0  stm32f10x_usart.o ABSOLUTE
    ..\Libraries\STM32F10x_StdPeriph_Driver\src\stm32f10x_wwdg.c 0x00000000   Number         0  stm32f10x_wwdg.o ABSOLUTE
    ..\Source\Manage.c                       0x00000000   Number         0  manage.o ABSOLUTE
    ..\Source\USR_TCP232.c                   0x00000000   Number         0  usr_tcp232.o ABSOLUTE
    ..\Source\led.c                          0x00000000   Number         0  led.o ABSOLUTE
    ..\Source\main.c                         0x00000000   Number         0  main.o ABSOLUTE
    ..\Source\stm32f10x_it.c                 0x00000000   Number         0  stm32f10x_it.o ABSOLUTE
    ..\\Libraries\\CMSIS\\Core\\CM3\\core_cm3.c 0x00000000   Number         0  core_cm3.o ABSOLUTE
    cdrcmple.s                               0x00000000   Number         0  cdrcmple.o ABSOLUTE
    dc.s                                     0x00000000   Number         0  dc.o ABSOLUTE
    handlers.s                               0x00000000   Number         0  handlers.o ABSOLUTE
    init.s                                   0x00000000   Number         0  init.o ABSOLUTE
    RESET                                    0x08000000   Section      304  startup_stm32f10x_hd.o(RESET)
    .ARM.Collect$$$$00000000                 0x08000130   Section        0  entry.o(.ARM.Collect$$$$00000000)
    .ARM.Collect$$$$00000001                 0x08000130   Section        4  entry2.o(.ARM.Collect$$$$00000001)
    .ARM.Collect$$$$00000004                 0x08000134   Section        4  entry5.o(.ARM.Collect$$$$00000004)
    .ARM.Collect$$$$00000008                 0x08000138   Section        0  entry7b.o(.ARM.Collect$$$$00000008)
    .ARM.Collect$$$$0000000A                 0x08000138   Section        0  entry8b.o(.ARM.Collect$$$$0000000A)
    .ARM.Collect$$$$0000000B                 0x08000138   Section        8  entry9a.o(.ARM.Collect$$$$0000000B)
    .ARM.Collect$$$$0000000D                 0x08000140   Section        0  entry10a.o(.ARM.Collect$$$$0000000D)
    .ARM.Collect$$$$0000000F                 0x08000140   Section        0  entry11a.o(.ARM.Collect$$$$0000000F)
    .ARM.Collect$$$$00002712                 0x08000140   Section        4  entry2.o(.ARM.Collect$$$$00002712)
    __lit__00000000                          0x08000140   Data           4  entry2.o(.ARM.Collect$$$$00002712)
    .text                                    0x08000144   Section       48  startup_stm32f10x_hd.o(.text)
    .text                                    0x08000174   Section        0  memcpya.o(.text)
    .text                                    0x08000198   Section        0  memseta.o(.text)
    .text                                    0x080001bc   Section        0  strstr.o(.text)
    .text                                    0x080001e0   Section        0  strlen.o(.text)
    .text                                    0x080001ee   Section        0  strcpy.o(.text)
    .text                                    0x08000200   Section        0  strlcpy.o(.text)
    .text                                    0x08000230   Section        0  fmul.o(.text)
    .text                                    0x08000294   Section        0  fdiv.o(.text)
    .text                                    0x08000310   Section        0  ffltui.o(.text)
    .text                                    0x0800031a   Section        0  ffixui.o(.text)
    .text                                    0x08000342   Section        0  uidiv.o(.text)
    .text                                    0x0800036e   Section        0  uldiv.o(.text)
    .text                                    0x080003d0   Section        0  fepilogue.o(.text)
    .text                                    0x080003d0   Section        0  iusefp.o(.text)
    .text                                    0x0800043e   Section        0  dadd.o(.text)
    .text                                    0x0800058c   Section        0  dmul.o(.text)
    .text                                    0x08000670   Section        0  ddiv.o(.text)
    .text                                    0x0800074e   Section        0  dfixul.o(.text)
    .text                                    0x08000780   Section       48  cdrcmple.o(.text)
    .text                                    0x080007b0   Section       36  init.o(.text)
    .text                                    0x080007d4   Section        0  llshl.o(.text)
    .text                                    0x080007f2   Section        0  llushr.o(.text)
    .text                                    0x08000812   Section        0  llsshr.o(.text)
    .text                                    0x08000836   Section        0  depilogue.o(.text)
    i.ADC_Cmd                                0x080008f0   Section        0  stm32f10x_adc.o(i.ADC_Cmd)
    i.ADC_Configuration                      0x08000908   Section        0  main.o(i.ADC_Configuration)
    i.ADC_DMACmd                             0x08000a2c   Section        0  stm32f10x_adc.o(i.ADC_DMACmd)
    i.ADC_GetCalibrationStatus               0x08000a42   Section        0  stm32f10x_adc.o(i.ADC_GetCalibrationStatus)
    i.ADC_GetResetCalibrationStatus          0x08000a56   Section        0  stm32f10x_adc.o(i.ADC_GetResetCalibrationStatus)
    i.ADC_Init                               0x08000a6c   Section        0  stm32f10x_adc.o(i.ADC_Init)
    i.ADC_RegularChannelConfig               0x08000abc   Section        0  stm32f10x_adc.o(i.ADC_RegularChannelConfig)
    i.ADC_ResetCalibration                   0x08000b74   Section        0  stm32f10x_adc.o(i.ADC_ResetCalibration)
    i.ADC_SoftwareStartConvCmd               0x08000b7e   Section        0  stm32f10x_adc.o(i.ADC_SoftwareStartConvCmd)
    i.ADC_StartCalibration                   0x08000b94   Section        0  stm32f10x_adc.o(i.ADC_StartCalibration)
    i.BtnOpenDoor                            0x08000ba0   Section        0  main.o(i.BtnOpenDoor)
    i.BtnScan                                0x08000c60   Section        0  main.o(i.BtnScan)
    i.BusFault_Handler                       0x08000d98   Section        0  stm32f10x_it.o(i.BusFault_Handler)
    i.CRC16_MODBUS                           0x08000d9c   Section        0  main.o(i.CRC16_MODBUS)
    i.DMA_Cmd                                0x08000dd4   Section        0  stm32f10x_dma.o(i.DMA_Cmd)
    i.DMA_DeInit                             0x08000dec   Section        0  stm32f10x_dma.o(i.DMA_DeInit)
    i.DMA_Init                               0x08000f38   Section        0  stm32f10x_dma.o(i.DMA_Init)
    i.DebugMon_Handler                       0x08000f74   Section        0  stm32f10x_it.o(i.DebugMon_Handler)
    i.Delay_ms                               0x08000f78   Section        0  main.o(i.Delay_ms)
    i.EXTI3_IRQHandler                       0x08000fac   Section        0  stm32f10x_it.o(i.EXTI3_IRQHandler)
    i.FLASH_ErasePage                        0x08000fb0   Section        0  stm32f10x_flash.o(i.FLASH_ErasePage)
    i.FLASH_GetStatus                        0x08001000   Section        0  stm32f10x_flash.o(i.FLASH_GetStatus)
    i.FLASH_Lock                             0x08001034   Section        0  stm32f10x_flash.o(i.FLASH_Lock)
    i.FLASH_PrefetchBufferCmd                0x08001048   Section        0  stm32f10x_flash.o(i.FLASH_PrefetchBufferCmd)
    i.FLASH_ProgramHalfWord                  0x08001064   Section        0  stm32f10x_flash.o(i.FLASH_ProgramHalfWord)
    i.FLASH_SetLatency                       0x080010a8   Section        0  stm32f10x_flash.o(i.FLASH_SetLatency)
    i.FLASH_Unlock                           0x080010c0   Section        0  stm32f10x_flash.o(i.FLASH_Unlock)
    i.FLASH_WaitForLastOperation             0x080010d8   Section        0  stm32f10x_flash.o(i.FLASH_WaitForLastOperation)
    i.FlashReadStr                           0x08001104   Section        0  main.o(i.FlashReadStr)
    i.FlashWriteStr                          0x08001140   Section        0  main.o(i.FlashWriteStr)
    i.GPIO_Configuration                     0x08001190   Section        0  main.o(i.GPIO_Configuration)
    i.GPIO_Init                              0x080012ac   Section        0  stm32f10x_gpio.o(i.GPIO_Init)
    i.GPIO_PinRemapConfig                    0x080013c4   Section        0  stm32f10x_gpio.o(i.GPIO_PinRemapConfig)
    i.GPIO_ReadInputDataBit                  0x08001434   Section        0  stm32f10x_gpio.o(i.GPIO_ReadInputDataBit)
    i.GPIO_ResetBits                         0x08001446   Section        0  stm32f10x_gpio.o(i.GPIO_ResetBits)
    i.GPIO_SetBits                           0x0800144a   Section        0  stm32f10x_gpio.o(i.GPIO_SetBits)
    i.GPIO_ToggleBits                        0x0800144e   Section        0  stm32f10x_gpio.o(i.GPIO_ToggleBits)
    i.HardFault_Handler                      0x08001456   Section        0  stm32f10x_it.o(i.HardFault_Handler)
    i.KeyScan                                0x0800145c   Section        0  main.o(i.KeyScan)
    i.MakeChk                                0x08001524   Section        0  main.o(i.MakeChk)
    i.Manage_Info_Ack                        0x08001544   Section        0  manage.o(i.Manage_Info_Ack)
    i.MemManage_Handler                      0x08001590   Section        0  stm32f10x_it.o(i.MemManage_Handler)
    i.Motor_Operation                        0x08001594   Section        0  main.o(i.Motor_Operation)
    i.NMI_Handler                            0x08001600   Section        0  stm32f10x_it.o(i.NMI_Handler)
    i.NVIC_Init                              0x08001604   Section        0  misc.o(i.NVIC_Init)
    i.NVIC_PriorityGroupConfig               0x08001674   Section        0  misc.o(i.NVIC_PriorityGroupConfig)
    i.PendSV_Handler                         0x08001688   Section        0  stm32f10x_it.o(i.PendSV_Handler)
    i.RCC_ADCCLKConfig                       0x0800168c   Section        0  stm32f10x_rcc.o(i.RCC_ADCCLKConfig)
    i.RCC_AHBPeriphClockCmd                  0x080016a4   Section        0  stm32f10x_rcc.o(i.RCC_AHBPeriphClockCmd)
    i.RCC_APB1PeriphClockCmd                 0x080016c4   Section        0  stm32f10x_rcc.o(i.RCC_APB1PeriphClockCmd)
    i.RCC_APB2PeriphClockCmd                 0x080016e4   Section        0  stm32f10x_rcc.o(i.RCC_APB2PeriphClockCmd)
    i.RCC_DeInit                             0x08001704   Section        0  stm32f10x_rcc.o(i.RCC_DeInit)
    i.RCC_GetClocksFreq                      0x08001750   Section        0  stm32f10x_rcc.o(i.RCC_GetClocksFreq)
    i.RCC_GetFlagStatus                      0x08001824   Section        0  stm32f10x_rcc.o(i.RCC_GetFlagStatus)
    i.RCC_GetSYSCLKSource                    0x08001860   Section        0  stm32f10x_rcc.o(i.RCC_GetSYSCLKSource)
    i.RCC_HCLKConfig                         0x08001870   Section        0  stm32f10x_rcc.o(i.RCC_HCLKConfig)
    i.RCC_PCLK1Config                        0x08001888   Section        0  stm32f10x_rcc.o(i.RCC_PCLK1Config)
    i.RCC_PCLK2Config                        0x080018a0   Section        0  stm32f10x_rcc.o(i.RCC_PCLK2Config)
    i.RCC_PLLCmd                             0x080018b8   Section        0  stm32f10x_rcc.o(i.RCC_PLLCmd)
    i.RCC_PLLConfig                          0x080018c4   Section        0  stm32f10x_rcc.o(i.RCC_PLLConfig)
    i.RCC_SYSCLKConfig                       0x080018e0   Section        0  stm32f10x_rcc.o(i.RCC_SYSCLKConfig)
    i.ReadIni                                0x080018f8   Section        0  main.o(i.ReadIni)
    i.Receive_Manage_Info                    0x08001954   Section        0  manage.o(i.Receive_Manage_Info)
    i.Receive_Net                            0x080019d0   Section        0  main.o(i.Receive_Net)
    i.Receive_UART3                          0x08001c4c   Section        0  main.o(i.Receive_UART3)
    i.SVC_Handler                            0x08001d08   Section        0  stm32f10x_it.o(i.SVC_Handler)
    i.SendInfo                               0x08001d0c   Section        0  main.o(i.SendInfo)
    i.SetHsiClock48                          0x08001eb0   Section        0  system_stm32f10x.o(i.SetHsiClock48)
    i.SetSysClock                            0x08001f04   Section        0  system_stm32f10x.o(i.SetSysClock)
    SetSysClock                              0x08001f05   Thumb Code     8  system_stm32f10x.o(i.SetSysClock)
    i.Start_Send_PC                          0x08001f0c   Section        0  main.o(i.Start_Send_PC)
    i.SysTick_Handler                        0x08001f44   Section        0  stm32f10x_it.o(i.SysTick_Handler)
    i.SysTick_ISR                            0x08001f4c   Section        0  main.o(i.SysTick_ISR)
    i.SystemInit                             0x08002084   Section        0  system_stm32f10x.o(i.SystemInit)
    i.TIM2_IRQHandler                        0x080020d8   Section        0  stm32f10x_it.o(i.TIM2_IRQHandler)
    i.TIMER_Configuration                    0x080020f4   Section        0  main.o(i.TIMER_Configuration)
    i.TIM_ClearITPendingBit                  0x0800217c   Section        0  stm32f10x_tim.o(i.TIM_ClearITPendingBit)
    i.TIM_Cmd                                0x08002182   Section        0  stm32f10x_tim.o(i.TIM_Cmd)
    i.TIM_GetITStatus                        0x0800219a   Section        0  stm32f10x_tim.o(i.TIM_GetITStatus)
    i.TIM_ITConfig                           0x080021bc   Section        0  stm32f10x_tim.o(i.TIM_ITConfig)
    i.TIM_TimeBaseInit                       0x080021d0   Section        0  stm32f10x_tim.o(i.TIM_TimeBaseInit)
    i.TIM_UpdateRequestConfig                0x0800220c   Section        0  stm32f10x_tim.o(i.TIM_UpdateRequestConfig)
    i.Timer_10ms_ISR                         0x08002224   Section        0  main.o(i.Timer_10ms_ISR)
    i.Timer_500ms                            0x080023fc   Section        0  main.o(i.Timer_500ms)
    i.USART1_Configuration                   0x08002454   Section        0  main.o(i.USART1_Configuration)
    i.USART1_IRQHandler                      0x0800250c   Section        0  stm32f10x_it.o(i.USART1_IRQHandler)
    i.USART1_Send_Array                      0x0800258c   Section        0  main.o(i.USART1_Send_Array)
    i.USART1_printf                          0x080025bc   Section        0  usr_tcp232.o(i.USART1_printf)
    i.USART2_Configuration                   0x08002614   Section        0  main.o(i.USART2_Configuration)
    i.USART2_IRQHandler                      0x080026c8   Section        0  stm32f10x_it.o(i.USART2_IRQHandler)
    i.USART2_Send_Array                      0x08002750   Section        0  main.o(i.USART2_Send_Array)
    i.USART3_Configuration                   0x08002780   Section        0  main.o(i.USART3_Configuration)
    i.USART3_IRQHandler                      0x08002838   Section        0  stm32f10x_it.o(i.USART3_IRQHandler)
    i.USART_ClearITPendingBit                0x080028c0   Section        0  stm32f10x_usart.o(i.USART_ClearITPendingBit)
    i.USART_Cmd                              0x080028de   Section        0  stm32f10x_usart.o(i.USART_Cmd)
    i.USART_GetFlagStatus                    0x080028f6   Section        0  stm32f10x_usart.o(i.USART_GetFlagStatus)
    i.USART_GetITStatus                      0x08002910   Section        0  stm32f10x_usart.o(i.USART_GetITStatus)
    i.USART_ITConfig                         0x08002964   Section        0  stm32f10x_usart.o(i.USART_ITConfig)
    i.USART_Init                             0x080029b0   Section        0  stm32f10x_usart.o(i.USART_Init)
    i.USART_ReceiveData                      0x08002a50   Section        0  stm32f10x_usart.o(i.USART_ReceiveData)
    i.USART_SendData                         0x08002a5a   Section        0  stm32f10x_usart.o(i.USART_SendData)
    i.USR_INIT                               0x08002a64   Section        0  usr_tcp232.o(i.USR_INIT)
    i.UsageFault_Handler                     0x08002e34   Section        0  stm32f10x_it.o(i.UsageFault_Handler)
    i.WriteIni                               0x08002e38   Section        0  main.o(i.WriteIni)
    i.__0printf                              0x08002e84   Section        0  printfa.o(i.__0printf)
    i.__0sprintf                             0x08002ea4   Section        0  printfa.o(i.__0sprintf)
    i.__0vsnprintf                           0x08002ecc   Section        0  printfa.o(i.__0vsnprintf)
    i.__scatterload_copy                     0x08002ef8   Section       14  handlers.o(i.__scatterload_copy)
    i.__scatterload_null                     0x08002f06   Section        2  handlers.o(i.__scatterload_null)
    i.__scatterload_zeroinit                 0x08002f08   Section       14  handlers.o(i.__scatterload_zeroinit)
    i._fp_digits                             0x08002f18   Section        0  printfa.o(i._fp_digits)
    _fp_digits                               0x08002f19   Thumb Code   366  printfa.o(i._fp_digits)
    i._printf_core                           0x0800309c   Section        0  printfa.o(i._printf_core)
    _printf_core                             0x0800309d   Thumb Code  1744  printfa.o(i._printf_core)
    i._printf_post_padding                   0x08003778   Section        0  printfa.o(i._printf_post_padding)
    _printf_post_padding                     0x08003779   Thumb Code    36  printfa.o(i._printf_post_padding)
    i._printf_pre_padding                    0x0800379c   Section        0  printfa.o(i._printf_pre_padding)
    _printf_pre_padding                      0x0800379d   Thumb Code    46  printfa.o(i._printf_pre_padding)
    i._snputc                                0x080037ca   Section        0  printfa.o(i._snputc)
    _snputc                                  0x080037cb   Thumb Code    22  printfa.o(i._snputc)
    i._sputc                                 0x080037e0   Section        0  printfa.o(i._sputc)
    _sputc                                   0x080037e1   Thumb Code    10  printfa.o(i._sputc)
    i.buff_clear                             0x080037ec   Section        0  usr_tcp232.o(i.buff_clear)
    i.delay                                  0x08003810   Section        0  stm32f10x_flash.o(i.delay)
    delay                                    0x08003811   Thumb Code    26  stm32f10x_flash.o(i.delay)
    i.esp_send_data                          0x0800382c   Section        0  usr_tcp232.o(i.esp_send_data)
    i.filter                                 0x08003868   Section        0  main.o(i.filter)
    i.fputc                                  0x080038a8   Section        0  main.o(i.fputc)
    i.global_variable_init                   0x080038c4   Section        0  main.o(i.global_variable_init)
    i.hw_led_fls                             0x08003980   Section        0  led.o(i.hw_led_fls)
    i.hw_led_off                             0x080039ec   Section        0  led.o(i.hw_led_off)
    i.hw_led_on                              0x08003a08   Section        0  led.o(i.hw_led_on)
    i.main                                   0x08003a30   Section        0  main.o(i.main)
    i.mp3_Play                               0x08003c64   Section        0  main.o(i.mp3_Play)
    i.recv_process                           0x08003cac   Section        0  usr_tcp232.o(i.recv_process)
    .constdata                               0x08003d00   Section       20  system_stm32f10x.o(.constdata)
    .constdata                               0x08003d14   Section        2  led.o(.constdata)
    .data                                    0x20000000   Section       20  stm32f10x_rcc.o(.data)
    APBAHBPrescTable                         0x20000000   Data          16  stm32f10x_rcc.o(.data)
    ADCPrescTable                            0x20000010   Data           4  stm32f10x_rcc.o(.data)
    .data                                    0x20000014   Section      168  main.o(.data)
    BtnPress                                 0x200000b4   Data           1  main.o(.data)
    BtnTime                                  0x200000b6   Data           2  main.o(.data)
    bkeypress                                0x200000b8   Data           1  main.o(.data)
    keytime                                  0x200000ba   Data           2  main.o(.data)
    .data                                    0x200000bc   Section       19  usr_tcp232.o(.data)
    login_cnt                                0x200000cd   Data           1  usr_tcp232.o(.data)
    usr_prev_status                          0x200000ce   Data           1  usr_tcp232.o(.data)
    .data                                    0x200000d0   Section       28  led.o(.data)
    .data                                    0x200000ec   Section        4  stdout.o(.data)
    .bss                                     0x200000f0   Section      670  main.o(.bss)
    .bss                                     0x2000038e   Section      512  usr_tcp232.o(.bss)
    STACK                                    0x20000590   Section     1024  startup_stm32f10x_hd.o(STACK)

    Global Symbols

    Symbol Name                              Value     Ov Type        Size  Object(Section)

    BuildAttributes$$THM_ISAv4$P$D$K$B$S$PE$A:L22UL41UL21$X:L11$S22US41US21$IEEE1$IW$USESV6$~STKCKD$USESV7$~SHL$OTIME$ROPI$EBA8$MICROLIB$REQ8$PRES8$EABIv2 0x00000000   Number         0  anon$$obj.o ABSOLUTE
    __ARM_use_no_argv                        0x00000000   Number         0  main.o ABSOLUTE
    _printf_a                                0x00000000   Number         0  stubs.o ABSOLUTE
    _printf_c                                0x00000000   Number         0  stubs.o ABSOLUTE
    _printf_charcount                        0x00000000   Number         0  stubs.o ABSOLUTE
    _printf_d                                0x00000000   Number         0  stubs.o ABSOLUTE
    _printf_e                                0x00000000   Number         0  stubs.o ABSOLUTE
    _printf_f                                0x00000000   Number         0  stubs.o ABSOLUTE
    _printf_flags                            0x00000000   Number         0  stubs.o ABSOLUTE
    _printf_fp_dec                           0x00000000   Number         0  stubs.o ABSOLUTE
    _printf_fp_hex                           0x00000000   Number         0  stubs.o ABSOLUTE
    _printf_g                                0x00000000   Number         0  stubs.o ABSOLUTE
    _printf_i                                0x00000000   Number         0  stubs.o ABSOLUTE
    _printf_int_dec                          0x00000000   Number         0  stubs.o ABSOLUTE
    _printf_l                                0x00000000   Number         0  stubs.o ABSOLUTE
    _printf_lc                               0x00000000   Number         0  stubs.o ABSOLUTE
    _printf_ll                               0x00000000   Number         0  stubs.o ABSOLUTE
    _printf_lld                              0x00000000   Number         0  stubs.o ABSOLUTE
    _printf_lli                              0x00000000   Number         0  stubs.o ABSOLUTE
    _printf_llo                              0x00000000   Number         0  stubs.o ABSOLUTE
    _printf_llu                              0x00000000   Number         0  stubs.o ABSOLUTE
    _printf_llx                              0x00000000   Number         0  stubs.o ABSOLUTE
    _printf_longlong_dec                     0x00000000   Number         0  stubs.o ABSOLUTE
    _printf_longlong_hex                     0x00000000   Number         0  stubs.o ABSOLUTE
    _printf_longlong_oct                     0x00000000   Number         0  stubs.o ABSOLUTE
    _printf_ls                               0x00000000   Number         0  stubs.o ABSOLUTE
    _printf_mbtowc                           0x00000000   Number         0  stubs.o ABSOLUTE
    _printf_n                                0x00000000   Number         0  stubs.o ABSOLUTE
    _printf_o                                0x00000000   Number         0  stubs.o ABSOLUTE
    _printf_p                                0x00000000   Number         0  stubs.o ABSOLUTE
    _printf_percent                          0x00000000   Number         0  stubs.o ABSOLUTE
    _printf_pre_padding                      0x00000000   Number         0  stubs.o ABSOLUTE
    _printf_return_value                     0x00000000   Number         0  stubs.o ABSOLUTE
    _printf_s                                0x00000000   Number         0  stubs.o ABSOLUTE
    _printf_sizespec                         0x00000000   Number         0  stubs.o ABSOLUTE
    _printf_str                              0x00000000   Number         0  stubs.o ABSOLUTE
    _printf_truncate_signed                  0x00000000   Number         0  stubs.o ABSOLUTE
    _printf_truncate_unsigned                0x00000000   Number         0  stubs.o ABSOLUTE
    _printf_u                                0x00000000   Number         0  stubs.o ABSOLUTE
    _printf_wc                               0x00000000   Number         0  stubs.o ABSOLUTE
    _printf_wctomb                           0x00000000   Number         0  stubs.o ABSOLUTE
    _printf_widthprec                        0x00000000   Number         0  stubs.o ABSOLUTE
    _printf_x                                0x00000000   Number         0  stubs.o ABSOLUTE
    __cpp_initialize__aeabi_                  - Undefined Weak Reference
    __cxa_finalize                            - Undefined Weak Reference
    __decompress                              - Undefined Weak Reference
    _clock_init                               - Undefined Weak Reference
    _microlib_exit                            - Undefined Weak Reference
    __Vectors_Size                           0x00000130   Number         0  startup_stm32f10x_hd.o ABSOLUTE
    __Vectors                                0x08000000   Data           4  startup_stm32f10x_hd.o(RESET)
    __Vectors_End                            0x08000130   Data           0  startup_stm32f10x_hd.o(RESET)
    __main                                   0x08000131   Thumb Code     0  entry.o(.ARM.Collect$$$$00000000)
    _main_stk                                0x08000131   Thumb Code     0  entry2.o(.ARM.Collect$$$$00000001)
    _main_scatterload                        0x08000135   Thumb Code     0  entry5.o(.ARM.Collect$$$$00000004)
    __main_after_scatterload                 0x08000139   Thumb Code     0  entry5.o(.ARM.Collect$$$$00000004)
    _main_clock                              0x08000139   Thumb Code     0  entry7b.o(.ARM.Collect$$$$00000008)
    _main_cpp_init                           0x08000139   Thumb Code     0  entry8b.o(.ARM.Collect$$$$0000000A)
    _main_init                               0x08000139   Thumb Code     0  entry9a.o(.ARM.Collect$$$$0000000B)
    __rt_final_cpp                           0x08000141   Thumb Code     0  entry10a.o(.ARM.Collect$$$$0000000D)
    __rt_final_exit                          0x08000141   Thumb Code     0  entry11a.o(.ARM.Collect$$$$0000000F)
    SystemInit_ExtMemCtl                     0x08000145   Thumb Code     2  startup_stm32f10x_hd.o(.text)
    Reset_Handler                            0x08000147   Thumb Code    14  startup_stm32f10x_hd.o(.text)
    ADC1_2_IRQHandler                        0x08000167   Thumb Code     0  startup_stm32f10x_hd.o(.text)
    ADC3_IRQHandler                          0x08000167   Thumb Code     0  startup_stm32f10x_hd.o(.text)
    CAN1_RX1_IRQHandler                      0x08000167   Thumb Code     0  startup_stm32f10x_hd.o(.text)
    CAN1_SCE_IRQHandler                      0x08000167   Thumb Code     0  startup_stm32f10x_hd.o(.text)
    DMA1_Channel1_IRQHandler                 0x08000167   Thumb Code     0  startup_stm32f10x_hd.o(.text)
    DMA1_Channel2_IRQHandler                 0x08000167   Thumb Code     0  startup_stm32f10x_hd.o(.text)
    DMA1_Channel3_IRQHandler                 0x08000167   Thumb Code     0  startup_stm32f10x_hd.o(.text)
    DMA1_Channel4_IRQHandler                 0x08000167   Thumb Code     0  startup_stm32f10x_hd.o(.text)
    DMA1_Channel5_IRQHandler                 0x08000167   Thumb Code     0  startup_stm32f10x_hd.o(.text)
    DMA1_Channel6_IRQHandler                 0x08000167   Thumb Code     0  startup_stm32f10x_hd.o(.text)
    DMA1_Channel7_IRQHandler                 0x08000167   Thumb Code     0  startup_stm32f10x_hd.o(.text)
    DMA2_Channel1_IRQHandler                 0x08000167   Thumb Code     0  startup_stm32f10x_hd.o(.text)
    DMA2_Channel2_IRQHandler                 0x08000167   Thumb Code     0  startup_stm32f10x_hd.o(.text)
    DMA2_Channel3_IRQHandler                 0x08000167   Thumb Code     0  startup_stm32f10x_hd.o(.text)
    DMA2_Channel4_5_IRQHandler               0x08000167   Thumb Code     0  startup_stm32f10x_hd.o(.text)
    EXTI0_IRQHandler                         0x08000167   Thumb Code     0  startup_stm32f10x_hd.o(.text)
    EXTI15_10_IRQHandler                     0x08000167   Thumb Code     0  startup_stm32f10x_hd.o(.text)
    EXTI1_IRQHandler                         0x08000167   Thumb Code     0  startup_stm32f10x_hd.o(.text)
    EXTI2_IRQHandler                         0x08000167   Thumb Code     0  startup_stm32f10x_hd.o(.text)
    EXTI4_IRQHandler                         0x08000167   Thumb Code     0  startup_stm32f10x_hd.o(.text)
    EXTI9_5_IRQHandler                       0x08000167   Thumb Code     0  startup_stm32f10x_hd.o(.text)
    FLASH_IRQHandler                         0x08000167   Thumb Code     0  startup_stm32f10x_hd.o(.text)
    FSMC_IRQHandler                          0x08000167   Thumb Code     0  startup_stm32f10x_hd.o(.text)
    I2C1_ER_IRQHandler                       0x08000167   Thumb Code     0  startup_stm32f10x_hd.o(.text)
    I2C1_EV_IRQHandler                       0x08000167   Thumb Code     0  startup_stm32f10x_hd.o(.text)
    I2C2_ER_IRQHandler                       0x08000167   Thumb Code     0  startup_stm32f10x_hd.o(.text)
    I2C2_EV_IRQHandler                       0x08000167   Thumb Code     0  startup_stm32f10x_hd.o(.text)
    PVD_IRQHandler                           0x08000167   Thumb Code     0  startup_stm32f10x_hd.o(.text)
    RCC_IRQHandler                           0x08000167   Thumb Code     0  startup_stm32f10x_hd.o(.text)
    RTCAlarm_IRQHandler                      0x08000167   Thumb Code     0  startup_stm32f10x_hd.o(.text)
    RTC_IRQHandler                           0x08000167   Thumb Code     0  startup_stm32f10x_hd.o(.text)
    SDIO_IRQHandler                          0x08000167   Thumb Code     0  startup_stm32f10x_hd.o(.text)
    SPI1_IRQHandler                          0x08000167   Thumb Code     0  startup_stm32f10x_hd.o(.text)
    SPI2_IRQHandler                          0x08000167   Thumb Code     0  startup_stm32f10x_hd.o(.text)
    SPI3_IRQHandler                          0x08000167   Thumb Code     0  startup_stm32f10x_hd.o(.text)
    TAMPER_IRQHandler                        0x08000167   Thumb Code     0  startup_stm32f10x_hd.o(.text)
    TIM1_BRK_IRQHandler                      0x08000167   Thumb Code     0  startup_stm32f10x_hd.o(.text)
    TIM1_CC_IRQHandler                       0x08000167   Thumb Code     0  startup_stm32f10x_hd.o(.text)
    TIM1_TRG_COM_IRQHandler                  0x08000167   Thumb Code     0  startup_stm32f10x_hd.o(.text)
    TIM1_UP_IRQHandler                       0x08000167   Thumb Code     0  startup_stm32f10x_hd.o(.text)
    TIM3_IRQHandler                          0x08000167   Thumb Code     0  startup_stm32f10x_hd.o(.text)
    TIM4_IRQHandler                          0x08000167   Thumb Code     0  startup_stm32f10x_hd.o(.text)
    TIM5_IRQHandler                          0x08000167   Thumb Code     0  startup_stm32f10x_hd.o(.text)
    TIM6_IRQHandler                          0x08000167   Thumb Code     0  startup_stm32f10x_hd.o(.text)
    TIM7_IRQHandler                          0x08000167   Thumb Code     0  startup_stm32f10x_hd.o(.text)
    TIM8_BRK_IRQHandler                      0x08000167   Thumb Code     0  startup_stm32f10x_hd.o(.text)
    TIM8_CC_IRQHandler                       0x08000167   Thumb Code     0  startup_stm32f10x_hd.o(.text)
    TIM8_TRG_COM_IRQHandler                  0x08000167   Thumb Code     0  startup_stm32f10x_hd.o(.text)
    TIM8_UP_IRQHandler                       0x08000167   Thumb Code     0  startup_stm32f10x_hd.o(.text)
    UART4_IRQHandler                         0x08000167   Thumb Code     0  startup_stm32f10x_hd.o(.text)
    UART5_IRQHandler                         0x08000167   Thumb Code     0  startup_stm32f10x_hd.o(.text)
    USBWakeUp_IRQHandler                     0x08000167   Thumb Code     0  startup_stm32f10x_hd.o(.text)
    USB_HP_CAN1_TX_IRQHandler                0x08000167   Thumb Code     0  startup_stm32f10x_hd.o(.text)
    USB_LP_CAN1_RX0_IRQHandler               0x08000167   Thumb Code     0  startup_stm32f10x_hd.o(.text)
    WWDG_IRQHandler                          0x08000167   Thumb Code     0  startup_stm32f10x_hd.o(.text)
    __aeabi_memcpy                           0x08000175   Thumb Code    36  memcpya.o(.text)
    __aeabi_memcpy4                          0x08000175   Thumb Code     0  memcpya.o(.text)
    __aeabi_memcpy8                          0x08000175   Thumb Code     0  memcpya.o(.text)
    __aeabi_memset                           0x08000199   Thumb Code    14  memseta.o(.text)
    __aeabi_memset4                          0x08000199   Thumb Code     0  memseta.o(.text)
    __aeabi_memset8                          0x08000199   Thumb Code     0  memseta.o(.text)
    __aeabi_memclr                           0x080001a7   Thumb Code     4  memseta.o(.text)
    __aeabi_memclr4                          0x080001a7   Thumb Code     0  memseta.o(.text)
    __aeabi_memclr8                          0x080001a7   Thumb Code     0  memseta.o(.text)
    _memset$wrapper                          0x080001ab   Thumb Code    18  memseta.o(.text)
    strstr                                   0x080001bd   Thumb Code    36  strstr.o(.text)
    strlen                                   0x080001e1   Thumb Code    14  strlen.o(.text)
    strcpy                                   0x080001ef   Thumb Code    18  strcpy.o(.text)
    strlcpy                                  0x08000201   Thumb Code    48  strlcpy.o(.text)
    __aeabi_fmul                             0x08000231   Thumb Code   100  fmul.o(.text)
    __aeabi_fdiv                             0x08000295   Thumb Code   124  fdiv.o(.text)
    __aeabi_ui2f                             0x08000311   Thumb Code    10  ffltui.o(.text)
    __aeabi_f2uiz                            0x0800031b   Thumb Code    40  ffixui.o(.text)
    __aeabi_uidiv                            0x08000343   Thumb Code     0  uidiv.o(.text)
    __aeabi_uidivmod                         0x08000343   Thumb Code    44  uidiv.o(.text)
    __aeabi_uldivmod                         0x0800036f   Thumb Code    98  uldiv.o(.text)
    __I$use$fp                               0x080003d1   Thumb Code     0  iusefp.o(.text)
    _float_round                             0x080003d1   Thumb Code    18  fepilogue.o(.text)
    _float_epilogue                          0x080003e3   Thumb Code    92  fepilogue.o(.text)
    __aeabi_dadd                             0x0800043f   Thumb Code   322  dadd.o(.text)
    __aeabi_dsub                             0x08000581   Thumb Code     6  dadd.o(.text)
    __aeabi_drsub                            0x08000587   Thumb Code     6  dadd.o(.text)
    __aeabi_dmul                             0x0800058d   Thumb Code   228  dmul.o(.text)
    __aeabi_ddiv                             0x08000671   Thumb Code   222  ddiv.o(.text)
    __aeabi_d2ulz                            0x0800074f   Thumb Code    48  dfixul.o(.text)
    __aeabi_cdrcmple                         0x08000781   Thumb Code    48  cdrcmple.o(.text)
    __scatterload                            0x080007b1   Thumb Code    28  init.o(.text)
    __scatterload_rt2                        0x080007b1   Thumb Code     0  init.o(.text)
    __aeabi_llsl                             0x080007d5   Thumb Code    30  llshl.o(.text)
    _ll_shift_l                              0x080007d5   Thumb Code     0  llshl.o(.text)
    __aeabi_llsr                             0x080007f3   Thumb Code    32  llushr.o(.text)
    _ll_ushift_r                             0x080007f3   Thumb Code     0  llushr.o(.text)
    __aeabi_lasr                             0x08000813   Thumb Code    36  llsshr.o(.text)
    _ll_sshift_r                             0x08000813   Thumb Code     0  llsshr.o(.text)
    _double_round                            0x08000837   Thumb Code    30  depilogue.o(.text)
    _double_epilogue                         0x08000855   Thumb Code   156  depilogue.o(.text)
    ADC_Cmd                                  0x080008f1   Thumb Code    22  stm32f10x_adc.o(i.ADC_Cmd)
    ADC_Configuration                        0x08000909   Thumb Code   280  main.o(i.ADC_Configuration)
    ADC_DMACmd                               0x08000a2d   Thumb Code    22  stm32f10x_adc.o(i.ADC_DMACmd)
    ADC_GetCalibrationStatus                 0x08000a43   Thumb Code    20  stm32f10x_adc.o(i.ADC_GetCalibrationStatus)
    ADC_GetResetCalibrationStatus            0x08000a57   Thumb Code    20  stm32f10x_adc.o(i.ADC_GetResetCalibrationStatus)
    ADC_Init                                 0x08000a6d   Thumb Code    70  stm32f10x_adc.o(i.ADC_Init)
    ADC_RegularChannelConfig                 0x08000abd   Thumb Code   184  stm32f10x_adc.o(i.ADC_RegularChannelConfig)
    ADC_ResetCalibration                     0x08000b75   Thumb Code    10  stm32f10x_adc.o(i.ADC_ResetCalibration)
    ADC_SoftwareStartConvCmd                 0x08000b7f   Thumb Code    22  stm32f10x_adc.o(i.ADC_SoftwareStartConvCmd)
    ADC_StartCalibration                     0x08000b95   Thumb Code    10  stm32f10x_adc.o(i.ADC_StartCalibration)
    BtnOpenDoor                              0x08000ba1   Thumb Code   178  main.o(i.BtnOpenDoor)
    BtnScan                                  0x08000c61   Thumb Code   296  main.o(i.BtnScan)
    BusFault_Handler                         0x08000d99   Thumb Code     4  stm32f10x_it.o(i.BusFault_Handler)
    CRC16_MODBUS                             0x08000d9d   Thumb Code    56  main.o(i.CRC16_MODBUS)
    DMA_Cmd                                  0x08000dd5   Thumb Code    22  stm32f10x_dma.o(i.DMA_Cmd)
    DMA_DeInit                               0x08000ded   Thumb Code   322  stm32f10x_dma.o(i.DMA_DeInit)
    DMA_Init                                 0x08000f39   Thumb Code    60  stm32f10x_dma.o(i.DMA_Init)
    DebugMon_Handler                         0x08000f75   Thumb Code     2  stm32f10x_it.o(i.DebugMon_Handler)
    Delay_ms                                 0x08000f79   Thumb Code    44  main.o(i.Delay_ms)
    EXTI3_IRQHandler                         0x08000fad   Thumb Code     2  stm32f10x_it.o(i.EXTI3_IRQHandler)
    FLASH_ErasePage                          0x08000fb1   Thumb Code    76  stm32f10x_flash.o(i.FLASH_ErasePage)
    FLASH_GetStatus                          0x08001001   Thumb Code    48  stm32f10x_flash.o(i.FLASH_GetStatus)
    FLASH_Lock                               0x08001035   Thumb Code    14  stm32f10x_flash.o(i.FLASH_Lock)
    FLASH_PrefetchBufferCmd                  0x08001049   Thumb Code    22  stm32f10x_flash.o(i.FLASH_PrefetchBufferCmd)
    FLASH_ProgramHalfWord                    0x08001065   Thumb Code    64  stm32f10x_flash.o(i.FLASH_ProgramHalfWord)
    FLASH_SetLatency                         0x080010a9   Thumb Code    18  stm32f10x_flash.o(i.FLASH_SetLatency)
    FLASH_Unlock                             0x080010c1   Thumb Code    12  stm32f10x_flash.o(i.FLASH_Unlock)
    FLASH_WaitForLastOperation               0x080010d9   Thumb Code    42  stm32f10x_flash.o(i.FLASH_WaitForLastOperation)
    FlashReadStr                             0x08001105   Thumb Code    56  main.o(i.FlashReadStr)
    FlashWriteStr                            0x08001141   Thumb Code    76  main.o(i.FlashWriteStr)
    GPIO_Configuration                       0x08001191   Thumb Code   264  main.o(i.GPIO_Configuration)
    GPIO_Init                                0x080012ad   Thumb Code   278  stm32f10x_gpio.o(i.GPIO_Init)
    GPIO_PinRemapConfig                      0x080013c5   Thumb Code   106  stm32f10x_gpio.o(i.GPIO_PinRemapConfig)
    GPIO_ReadInputDataBit                    0x08001435   Thumb Code    18  stm32f10x_gpio.o(i.GPIO_ReadInputDataBit)
    GPIO_ResetBits                           0x08001447   Thumb Code     4  stm32f10x_gpio.o(i.GPIO_ResetBits)
    GPIO_SetBits                             0x0800144b   Thumb Code     4  stm32f10x_gpio.o(i.GPIO_SetBits)
    GPIO_ToggleBits                          0x0800144f   Thumb Code     8  stm32f10x_gpio.o(i.GPIO_ToggleBits)
    HardFault_Handler                        0x08001457   Thumb Code     4  stm32f10x_it.o(i.HardFault_Handler)
    KeyScan                                  0x0800145d   Thumb Code   180  main.o(i.KeyScan)
    MakeChk                                  0x08001525   Thumb Code    30  main.o(i.MakeChk)
    Manage_Info_Ack                          0x08001545   Thumb Code    70  manage.o(i.Manage_Info_Ack)
    MemManage_Handler                        0x08001591   Thumb Code     4  stm32f10x_it.o(i.MemManage_Handler)
    Motor_Operation                          0x08001595   Thumb Code    86  main.o(i.Motor_Operation)
    NMI_Handler                              0x08001601   Thumb Code     2  stm32f10x_it.o(i.NMI_Handler)
    NVIC_Init                                0x08001605   Thumb Code   100  misc.o(i.NVIC_Init)
    NVIC_PriorityGroupConfig                 0x08001675   Thumb Code    10  misc.o(i.NVIC_PriorityGroupConfig)
    PendSV_Handler                           0x08001689   Thumb Code     2  stm32f10x_it.o(i.PendSV_Handler)
    RCC_ADCCLKConfig                         0x0800168d   Thumb Code    18  stm32f10x_rcc.o(i.RCC_ADCCLKConfig)
    RCC_AHBPeriphClockCmd                    0x080016a5   Thumb Code    26  stm32f10x_rcc.o(i.RCC_AHBPeriphClockCmd)
    RCC_APB1PeriphClockCmd                   0x080016c5   Thumb Code    26  stm32f10x_rcc.o(i.RCC_APB1PeriphClockCmd)
    RCC_APB2PeriphClockCmd                   0x080016e5   Thumb Code    26  stm32f10x_rcc.o(i.RCC_APB2PeriphClockCmd)
    RCC_DeInit                               0x08001705   Thumb Code    64  stm32f10x_rcc.o(i.RCC_DeInit)
    RCC_GetClocksFreq                        0x08001751   Thumb Code   192  stm32f10x_rcc.o(i.RCC_GetClocksFreq)
    RCC_GetFlagStatus                        0x08001825   Thumb Code    56  stm32f10x_rcc.o(i.RCC_GetFlagStatus)
    RCC_GetSYSCLKSource                      0x08001861   Thumb Code    10  stm32f10x_rcc.o(i.RCC_GetSYSCLKSource)
    RCC_HCLKConfig                           0x08001871   Thumb Code    18  stm32f10x_rcc.o(i.RCC_HCLKConfig)
    RCC_PCLK1Config                          0x08001889   Thumb Code    18  stm32f10x_rcc.o(i.RCC_PCLK1Config)
    RCC_PCLK2Config                          0x080018a1   Thumb Code    20  stm32f10x_rcc.o(i.RCC_PCLK2Config)
    RCC_PLLCmd                               0x080018b9   Thumb Code     6  stm32f10x_rcc.o(i.RCC_PLLCmd)
    RCC_PLLConfig                            0x080018c5   Thumb Code    24  stm32f10x_rcc.o(i.RCC_PLLConfig)
    RCC_SYSCLKConfig                         0x080018e1   Thumb Code    18  stm32f10x_rcc.o(i.RCC_SYSCLKConfig)
    ReadIni                                  0x080018f9   Thumb Code    76  main.o(i.ReadIni)
    Receive_Manage_Info                      0x08001955   Thumb Code   116  manage.o(i.Receive_Manage_Info)
    Receive_Net                              0x080019d1   Thumb Code   624  main.o(i.Receive_Net)
    Receive_UART3                            0x08001c4d   Thumb Code   178  main.o(i.Receive_UART3)
    SVC_Handler                              0x08001d09   Thumb Code     2  stm32f10x_it.o(i.SVC_Handler)
    SendInfo                                 0x08001d0d   Thumb Code   400  main.o(i.SendInfo)
    SetHsiClock48                            0x08001eb1   Thumb Code    84  system_stm32f10x.o(i.SetHsiClock48)
    Start_Send_PC                            0x08001f0d   Thumb Code    56  main.o(i.Start_Send_PC)
    SysTick_Handler                          0x08001f45   Thumb Code     8  stm32f10x_it.o(i.SysTick_Handler)
    SysTick_ISR                              0x08001f4d   Thumb Code   270  main.o(i.SysTick_ISR)
    SystemInit                               0x08002085   Thumb Code    70  system_stm32f10x.o(i.SystemInit)
    TIM2_IRQHandler                          0x080020d9   Thumb Code    28  stm32f10x_it.o(i.TIM2_IRQHandler)
    TIMER_Configuration                      0x080020f5   Thumb Code   128  main.o(i.TIMER_Configuration)
    TIM_ClearITPendingBit                    0x0800217d   Thumb Code     6  stm32f10x_tim.o(i.TIM_ClearITPendingBit)
    TIM_Cmd                                  0x08002183   Thumb Code    24  stm32f10x_tim.o(i.TIM_Cmd)
    TIM_GetITStatus                          0x0800219b   Thumb Code    34  stm32f10x_tim.o(i.TIM_GetITStatus)
    TIM_ITConfig                             0x080021bd   Thumb Code    18  stm32f10x_tim.o(i.TIM_ITConfig)
    TIM_TimeBaseInit                         0x080021d1   Thumb Code    50  stm32f10x_tim.o(i.TIM_TimeBaseInit)
    TIM_UpdateRequestConfig                  0x0800220d   Thumb Code    24  stm32f10x_tim.o(i.TIM_UpdateRequestConfig)
    Timer_10ms_ISR                           0x08002225   Thumb Code   444  main.o(i.Timer_10ms_ISR)
    Timer_500ms                              0x080023fd   Thumb Code    84  main.o(i.Timer_500ms)
    USART1_Configuration                     0x08002455   Thumb Code   174  main.o(i.USART1_Configuration)
    USART1_IRQHandler                        0x0800250d   Thumb Code   108  stm32f10x_it.o(i.USART1_IRQHandler)
    USART1_Send_Array                        0x0800258d   Thumb Code    42  main.o(i.USART1_Send_Array)
    USART1_printf                            0x080025bd   Thumb Code    78  usr_tcp232.o(i.USART1_printf)
    USART2_Configuration                     0x08002615   Thumb Code   172  main.o(i.USART2_Configuration)
    USART2_IRQHandler                        0x080026c9   Thumb Code   126  stm32f10x_it.o(i.USART2_IRQHandler)
    USART2_Send_Array                        0x08002751   Thumb Code    42  main.o(i.USART2_Send_Array)
    USART3_Configuration                     0x08002781   Thumb Code   174  main.o(i.USART3_Configuration)
    USART3_IRQHandler                        0x08002839   Thumb Code   126  stm32f10x_it.o(i.USART3_IRQHandler)
    USART_ClearITPendingBit                  0x080028c1   Thumb Code    30  stm32f10x_usart.o(i.USART_ClearITPendingBit)
    USART_Cmd                                0x080028df   Thumb Code    24  stm32f10x_usart.o(i.USART_Cmd)
    USART_GetFlagStatus                      0x080028f7   Thumb Code    26  stm32f10x_usart.o(i.USART_GetFlagStatus)
    USART_GetITStatus                        0x08002911   Thumb Code    84  stm32f10x_usart.o(i.USART_GetITStatus)
    USART_ITConfig                           0x08002965   Thumb Code    74  stm32f10x_usart.o(i.USART_ITConfig)
    USART_Init                               0x080029b1   Thumb Code   156  stm32f10x_usart.o(i.USART_Init)
    USART_ReceiveData                        0x08002a51   Thumb Code    10  stm32f10x_usart.o(i.USART_ReceiveData)
    USART_SendData                           0x08002a5b   Thumb Code     8  stm32f10x_usart.o(i.USART_SendData)
    USR_INIT                                 0x08002a65   Thumb Code   732  usr_tcp232.o(i.USR_INIT)
    UsageFault_Handler                       0x08002e35   Thumb Code     4  stm32f10x_it.o(i.UsageFault_Handler)
    WriteIni                                 0x08002e39   Thumb Code    70  main.o(i.WriteIni)
    __0printf                                0x08002e85   Thumb Code    22  printfa.o(i.__0printf)
    __1printf                                0x08002e85   Thumb Code     0  printfa.o(i.__0printf)
    __2printf                                0x08002e85   Thumb Code     0  printfa.o(i.__0printf)
    __c89printf                              0x08002e85   Thumb Code     0  printfa.o(i.__0printf)
    printf                                   0x08002e85   Thumb Code     0  printfa.o(i.__0printf)
    __0sprintf                               0x08002ea5   Thumb Code    34  printfa.o(i.__0sprintf)
    __1sprintf                               0x08002ea5   Thumb Code     0  printfa.o(i.__0sprintf)
    __2sprintf                               0x08002ea5   Thumb Code     0  printfa.o(i.__0sprintf)
    __c89sprintf                             0x08002ea5   Thumb Code     0  printfa.o(i.__0sprintf)
    sprintf                                  0x08002ea5   Thumb Code     0  printfa.o(i.__0sprintf)
    __0vsnprintf                             0x08002ecd   Thumb Code    40  printfa.o(i.__0vsnprintf)
    __1vsnprintf                             0x08002ecd   Thumb Code     0  printfa.o(i.__0vsnprintf)
    __2vsnprintf                             0x08002ecd   Thumb Code     0  printfa.o(i.__0vsnprintf)
    __c89vsnprintf                           0x08002ecd   Thumb Code     0  printfa.o(i.__0vsnprintf)
    vsnprintf                                0x08002ecd   Thumb Code     0  printfa.o(i.__0vsnprintf)
    __scatterload_copy                       0x08002ef9   Thumb Code    14  handlers.o(i.__scatterload_copy)
    __scatterload_null                       0x08002f07   Thumb Code     2  handlers.o(i.__scatterload_null)
    __scatterload_zeroinit                   0x08002f09   Thumb Code    14  handlers.o(i.__scatterload_zeroinit)
    buff_clear                               0x080037ed   Thumb Code    24  usr_tcp232.o(i.buff_clear)
    esp_send_data                            0x0800382d   Thumb Code    54  usr_tcp232.o(i.esp_send_data)
    filter                                   0x08003869   Thumb Code    62  main.o(i.filter)
    fputc                                    0x080038a9   Thumb Code    24  main.o(i.fputc)
    global_variable_init                     0x080038c5   Thumb Code   144  main.o(i.global_variable_init)
    hw_led_fls                               0x08003981   Thumb Code    88  led.o(i.hw_led_fls)
    hw_led_off                               0x080039ed   Thumb Code    20  led.o(i.hw_led_off)
    hw_led_on                                0x08003a09   Thumb Code    26  led.o(i.hw_led_on)
    main                                     0x08003a31   Thumb Code   516  main.o(i.main)
    mp3_Play                                 0x08003c65   Thumb Code    68  main.o(i.mp3_Play)
    recv_process                             0x08003cad   Thumb Code    80  usr_tcp232.o(i.recv_process)
    SystemFrequency                          0x08003d00   Data           4  system_stm32f10x.o(.constdata)
    SystemFrequency_SysClk                   0x08003d04   Data           4  system_stm32f10x.o(.constdata)
    SystemFrequency_AHBClk                   0x08003d08   Data           4  system_stm32f10x.o(.constdata)
    SystemFrequency_APB1Clk                  0x08003d0c   Data           4  system_stm32f10x.o(.constdata)
    SystemFrequency_APB2Clk                  0x08003d10   Data           4  system_stm32f10x.o(.constdata)
    lled_pin                                 0x08003d14   Data           2  led.o(.constdata)
    Region$$Table$$Base                      0x08003d18   Number         0  anon$$obj.o(Region$$Table)
    Region$$Table$$Limit                     0x08003d38   Number         0  anon$$obj.o(Region$$Table)
    TESTBUF                                  0x20000014   Data          32  main.o(.data)
    motor_stp_port_tab                       0x20000034   Data          16  main.o(.data)
    motor_stp_pin_tab                        0x20000044   Data           8  main.o(.data)
    motor_dir_port_tab                       0x2000004c   Data          16  main.o(.data)
    motor_dir_pin_tab                        0x2000005c   Data           8  main.o(.data)
    motor_en_port_tab                        0x20000064   Data          16  main.o(.data)
    motor_en_pin_tab                         0x20000074   Data           8  main.o(.data)
    open_limit_port_tab                      0x2000007c   Data          16  main.o(.data)
    open_limit_pin_tab                       0x2000008c   Data           8  main.o(.data)
    close_limit_port_tab                     0x20000094   Data          16  main.o(.data)
    close_limit_pin_tab                      0x200000a4   Data           8  main.o(.data)
    tips_voice_tab                           0x200000ac   Data           4  main.o(.data)
    my_unTemp16                              0x200000b0   Data           4  main.o(.data)
    Tx1_flag                                 0x200000bc   Data           1  usr_tcp232.o(.data)
    Rx1_Count                                0x200000be   Data           2  usr_tcp232.o(.data)
    Rx1_flag                                 0x200000c0   Data           1  usr_tcp232.o(.data)
    Rx1_to                                   0x200000c2   Data           2  usr_tcp232.o(.data)
    Rx1_to_len                               0x200000c4   Data           2  usr_tcp232.o(.data)
    usr_curr_status                          0x200000c6   Data           1  usr_tcp232.o(.data)
    usr_delay_status                         0x200000c7   Data           1  usr_tcp232.o(.data)
    usr_cipmode_status                       0x200000c8   Data           1  usr_tcp232.o(.data)
    usr_tick_delay                           0x200000ca   Data           2  usr_tcp232.o(.data)
    usr_chk_curr_status                      0x200000cc   Data           1  usr_tcp232.o(.data)
    lled_port                                0x200000d0   Data           4  led.o(.data)
    led_overtime                             0x200000d4   Data           4  led.o(.data)
    led_ontime                               0x200000d8   Data           4  led.o(.data)
    led_offtime                              0x200000dc   Data           4  led.o(.data)
    led_oncnt                                0x200000e0   Data           4  led.o(.data)
    led_offcnt                               0x200000e4   Data           4  led.o(.data)
    led_flashcnt                             0x200000e8   Data           4  led.o(.data)
    __stdout                                 0x200000ec   Data           4  stdout.o(.data)
    gb_var                                   0x200000f0   Data         516  main.o(.bss)
    motor                                    0x200002f4   Data          48  main.o(.bss)
    overflow_value                           0x20000324   Data          48  main.o(.bss)
    device_para_state                        0x20000354   Data          58  main.o(.bss)
    Tx1_Buf                                  0x2000038e   Data         256  usr_tcp232.o(.bss)
    Rx1_Buf                                  0x2000048e   Data         256  usr_tcp232.o(.bss)
    __initial_sp                             0x20000990   Data           0  startup_stm32f10x_hd.o(STACK)



==============================================================================

Memory Map of the image

  Image Entry point : 0x08000131

  Load Region LR_IROM1 (Base: 0x08000000, Size: 0x00003e28, Max: 0x00020000, ABSOLUTE)

    Execution Region ER_IROM1 (Exec base: 0x08000000, Load base: 0x08000000, Size: 0x00003d38, Max: 0x00020000, ABSOLUTE)

    Exec Addr    Load Addr    Size         Type   Attr      Idx    E Section Name        Object

    0x08000000   0x08000000   0x00000130   Data   RO            3    RESET               startup_stm32f10x_hd.o
    0x08000130   0x08000130   0x00000000   Code   RO         3523  * .ARM.Collect$$$$00000000  mc_w.l(entry.o)
    0x08000130   0x08000130   0x00000004   Code   RO         3809    .ARM.Collect$$$$00000001  mc_w.l(entry2.o)
    0x08000134   0x08000134   0x00000004   Code   RO         3812    .ARM.Collect$$$$00000004  mc_w.l(entry5.o)
    0x08000138   0x08000138   0x00000000   Code   RO         3814    .ARM.Collect$$$$00000008  mc_w.l(entry7b.o)
    0x08000138   0x08000138   0x00000000   Code   RO         3816    .ARM.Collect$$$$0000000A  mc_w.l(entry8b.o)
    0x08000138   0x08000138   0x00000008   Code   RO         3817    .ARM.Collect$$$$0000000B  mc_w.l(entry9a.o)
    0x08000140   0x08000140   0x00000000   Code   RO         3819    .ARM.Collect$$$$0000000D  mc_w.l(entry10a.o)
    0x08000140   0x08000140   0x00000000   Code   RO         3821    .ARM.Collect$$$$0000000F  mc_w.l(entry11a.o)
    0x08000140   0x08000140   0x00000004   Code   RO         3810    .ARM.Collect$$$$00002712  mc_w.l(entry2.o)
    0x08000144   0x08000144   0x00000030   Code   RO            4    .text               startup_stm32f10x_hd.o
    0x08000174   0x08000174   0x00000024   Code   RO         3526    .text               mc_w.l(memcpya.o)
    0x08000198   0x08000198   0x00000024   Code   RO         3528    .text               mc_w.l(memseta.o)
    0x080001bc   0x080001bc   0x00000024   Code   RO         3530    .text               mc_w.l(strstr.o)
    0x080001e0   0x080001e0   0x0000000e   Code   RO         3532    .text               mc_w.l(strlen.o)
    0x080001ee   0x080001ee   0x00000012   Code   RO         3534    .text               mc_w.l(strcpy.o)
    0x08000200   0x08000200   0x00000030   Code   RO         3536    .text               mc_w.l(strlcpy.o)
    0x08000230   0x08000230   0x00000064   Code   RO         3801    .text               mf_w.l(fmul.o)
    0x08000294   0x08000294   0x0000007c   Code   RO         3803    .text               mf_w.l(fdiv.o)
    0x08000310   0x08000310   0x0000000a   Code   RO         3805    .text               mf_w.l(ffltui.o)
    0x0800031a   0x0800031a   0x00000028   Code   RO         3807    .text               mf_w.l(ffixui.o)
    0x08000342   0x08000342   0x0000002c   Code   RO         3824    .text               mc_w.l(uidiv.o)
    0x0800036e   0x0800036e   0x00000062   Code   RO         3826    .text               mc_w.l(uldiv.o)
    0x080003d0   0x080003d0   0x00000000   Code   RO         3828    .text               mc_w.l(iusefp.o)
    0x080003d0   0x080003d0   0x0000006e   Code   RO         3829    .text               mf_w.l(fepilogue.o)
    0x0800043e   0x0800043e   0x0000014e   Code   RO         3831    .text               mf_w.l(dadd.o)
    0x0800058c   0x0800058c   0x000000e4   Code   RO         3833    .text               mf_w.l(dmul.o)
    0x08000670   0x08000670   0x000000de   Code   RO         3835    .text               mf_w.l(ddiv.o)
    0x0800074e   0x0800074e   0x00000030   Code   RO         3837    .text               mf_w.l(dfixul.o)
    0x0800077e   0x0800077e   0x00000002   PAD
    0x08000780   0x08000780   0x00000030   Code   RO         3839    .text               mf_w.l(cdrcmple.o)
    0x080007b0   0x080007b0   0x00000024   Code   RO         3841    .text               mc_w.l(init.o)
    0x080007d4   0x080007d4   0x0000001e   Code   RO         3843    .text               mc_w.l(llshl.o)
    0x080007f2   0x080007f2   0x00000020   Code   RO         3845    .text               mc_w.l(llushr.o)
    0x08000812   0x08000812   0x00000024   Code   RO         3847    .text               mc_w.l(llsshr.o)
    0x08000836   0x08000836   0x000000ba   Code   RO         3849    .text               mf_w.l(depilogue.o)
    0x080008f0   0x080008f0   0x00000016   Code   RO          174    i.ADC_Cmd           stm32f10x_adc.o
    0x08000906   0x08000906   0x00000002   PAD
    0x08000908   0x08000908   0x00000124   Code   RO         2936    i.ADC_Configuration  main.o
    0x08000a2c   0x08000a2c   0x00000016   Code   RO          175    i.ADC_DMACmd        stm32f10x_adc.o
    0x08000a42   0x08000a42   0x00000014   Code   RO          182    i.ADC_GetCalibrationStatus  stm32f10x_adc.o
    0x08000a56   0x08000a56   0x00000014   Code   RO          188    i.ADC_GetResetCalibrationStatus  stm32f10x_adc.o
    0x08000a6a   0x08000a6a   0x00000002   PAD
    0x08000a6c   0x08000a6c   0x00000050   Code   RO          192    i.ADC_Init          stm32f10x_adc.o
    0x08000abc   0x08000abc   0x000000b8   Code   RO          196    i.ADC_RegularChannelConfig  stm32f10x_adc.o
    0x08000b74   0x08000b74   0x0000000a   Code   RO          197    i.ADC_ResetCalibration  stm32f10x_adc.o
    0x08000b7e   0x08000b7e   0x00000016   Code   RO          199    i.ADC_SoftwareStartConvCmd  stm32f10x_adc.o
    0x08000b94   0x08000b94   0x0000000a   Code   RO          201    i.ADC_StartCalibration  stm32f10x_adc.o
    0x08000b9e   0x08000b9e   0x00000002   PAD
    0x08000ba0   0x08000ba0   0x000000c0   Code   RO         2937    i.BtnOpenDoor       main.o
    0x08000c60   0x08000c60   0x00000138   Code   RO         2938    i.BtnScan           main.o
    0x08000d98   0x08000d98   0x00000004   Code   RO         3268    i.BusFault_Handler  stm32f10x_it.o
    0x08000d9c   0x08000d9c   0x00000038   Code   RO         2939    i.CRC16_MODBUS      main.o
    0x08000dd4   0x08000dd4   0x00000016   Code   RO          739    i.DMA_Cmd           stm32f10x_dma.o
    0x08000dea   0x08000dea   0x00000002   PAD
    0x08000dec   0x08000dec   0x0000014c   Code   RO          740    i.DMA_DeInit        stm32f10x_dma.o
    0x08000f38   0x08000f38   0x0000003c   Code   RO          745    i.DMA_Init          stm32f10x_dma.o
    0x08000f74   0x08000f74   0x00000002   Code   RO         3269    i.DebugMon_Handler  stm32f10x_it.o
    0x08000f76   0x08000f76   0x00000002   PAD
    0x08000f78   0x08000f78   0x00000034   Code   RO         2941    i.Delay_ms          main.o
    0x08000fac   0x08000fac   0x00000002   Code   RO         3270    i.EXTI3_IRQHandler  stm32f10x_it.o
    0x08000fae   0x08000fae   0x00000002   PAD
    0x08000fb0   0x08000fb0   0x00000050   Code   RO          861    i.FLASH_ErasePage   stm32f10x_flash.o
    0x08001000   0x08001000   0x00000034   Code   RO          865    i.FLASH_GetStatus   stm32f10x_flash.o
    0x08001034   0x08001034   0x00000014   Code   RO          870    i.FLASH_Lock        stm32f10x_flash.o
    0x08001048   0x08001048   0x0000001c   Code   RO          871    i.FLASH_PrefetchBufferCmd  stm32f10x_flash.o
    0x08001064   0x08001064   0x00000044   Code   RO          872    i.FLASH_ProgramHalfWord  stm32f10x_flash.o
    0x080010a8   0x080010a8   0x00000018   Code   RO          876    i.FLASH_SetLatency  stm32f10x_flash.o
    0x080010c0   0x080010c0   0x00000018   Code   RO          877    i.FLASH_Unlock      stm32f10x_flash.o
    0x080010d8   0x080010d8   0x0000002a   Code   RO          879    i.FLASH_WaitForLastOperation  stm32f10x_flash.o
    0x08001102   0x08001102   0x00000002   PAD
    0x08001104   0x08001104   0x0000003c   Code   RO         2942    i.FlashReadStr      main.o
    0x08001140   0x08001140   0x00000050   Code   RO         2943    i.FlashWriteStr     main.o
    0x08001190   0x08001190   0x0000011c   Code   RO         2947    i.GPIO_Configuration  main.o
    0x080012ac   0x080012ac   0x00000116   Code   RO         1132    i.GPIO_Init         stm32f10x_gpio.o
    0x080013c2   0x080013c2   0x00000002   PAD
    0x080013c4   0x080013c4   0x00000070   Code   RO         1134    i.GPIO_PinRemapConfig  stm32f10x_gpio.o
    0x08001434   0x08001434   0x00000012   Code   RO         1136    i.GPIO_ReadInputDataBit  stm32f10x_gpio.o
    0x08001446   0x08001446   0x00000004   Code   RO         1139    i.GPIO_ResetBits    stm32f10x_gpio.o
    0x0800144a   0x0800144a   0x00000004   Code   RO         1140    i.GPIO_SetBits      stm32f10x_gpio.o
    0x0800144e   0x0800144e   0x00000008   Code   RO         1142    i.GPIO_ToggleBits   stm32f10x_gpio.o
    0x08001456   0x08001456   0x00000004   Code   RO         3271    i.HardFault_Handler  stm32f10x_it.o
    0x0800145a   0x0800145a   0x00000002   PAD
    0x0800145c   0x0800145c   0x000000c8   Code   RO         2948    i.KeyScan           main.o
    0x08001524   0x08001524   0x0000001e   Code   RO         2949    i.MakeChk           main.o
    0x08001542   0x08001542   0x00000002   PAD
    0x08001544   0x08001544   0x0000004c   Code   RO         3505    i.Manage_Info_Ack   manage.o
    0x08001590   0x08001590   0x00000004   Code   RO         3272    i.MemManage_Handler  stm32f10x_it.o
    0x08001594   0x08001594   0x0000006c   Code   RO         2950    i.Motor_Operation   main.o
    0x08001600   0x08001600   0x00000002   Code   RO         3273    i.NMI_Handler       stm32f10x_it.o
    0x08001602   0x08001602   0x00000002   PAD
    0x08001604   0x08001604   0x00000070   Code   RO          128    i.NVIC_Init         misc.o
    0x08001674   0x08001674   0x00000014   Code   RO          129    i.NVIC_PriorityGroupConfig  misc.o
    0x08001688   0x08001688   0x00000002   Code   RO         3274    i.PendSV_Handler    stm32f10x_it.o
    0x0800168a   0x0800168a   0x00000002   PAD
    0x0800168c   0x0800168c   0x00000018   Code   RO         1546    i.RCC_ADCCLKConfig  stm32f10x_rcc.o
    0x080016a4   0x080016a4   0x00000020   Code   RO         1547    i.RCC_AHBPeriphClockCmd  stm32f10x_rcc.o
    0x080016c4   0x080016c4   0x00000020   Code   RO         1548    i.RCC_APB1PeriphClockCmd  stm32f10x_rcc.o
    0x080016e4   0x080016e4   0x00000020   Code   RO         1550    i.RCC_APB2PeriphClockCmd  stm32f10x_rcc.o
    0x08001704   0x08001704   0x0000004c   Code   RO         1557    i.RCC_DeInit        stm32f10x_rcc.o
    0x08001750   0x08001750   0x000000d4   Code   RO         1558    i.RCC_GetClocksFreq  stm32f10x_rcc.o
    0x08001824   0x08001824   0x0000003c   Code   RO         1559    i.RCC_GetFlagStatus  stm32f10x_rcc.o
    0x08001860   0x08001860   0x00000010   Code   RO         1561    i.RCC_GetSYSCLKSource  stm32f10x_rcc.o
    0x08001870   0x08001870   0x00000018   Code   RO         1562    i.RCC_HCLKConfig    stm32f10x_rcc.o
    0x08001888   0x08001888   0x00000018   Code   RO         1569    i.RCC_PCLK1Config   stm32f10x_rcc.o
    0x080018a0   0x080018a0   0x00000018   Code   RO         1570    i.RCC_PCLK2Config   stm32f10x_rcc.o
    0x080018b8   0x080018b8   0x0000000c   Code   RO         1571    i.RCC_PLLCmd        stm32f10x_rcc.o
    0x080018c4   0x080018c4   0x0000001c   Code   RO         1572    i.RCC_PLLConfig     stm32f10x_rcc.o
    0x080018e0   0x080018e0   0x00000018   Code   RO         1575    i.RCC_SYSCLKConfig  stm32f10x_rcc.o
    0x080018f8   0x080018f8   0x0000005c   Code   RO         2951    i.ReadIni           main.o
    0x08001954   0x08001954   0x0000007c   Code   RO         3506    i.Receive_Manage_Info  manage.o
    0x080019d0   0x080019d0   0x0000027c   Code   RO         2952    i.Receive_Net       main.o
    0x08001c4c   0x08001c4c   0x000000bc   Code   RO         2953    i.Receive_UART3     main.o
    0x08001d08   0x08001d08   0x00000002   Code   RO         3275    i.SVC_Handler       stm32f10x_it.o
    0x08001d0a   0x08001d0a   0x00000002   PAD
    0x08001d0c   0x08001d0c   0x000001a4   Code   RO         2954    i.SendInfo          main.o
    0x08001eb0   0x08001eb0   0x00000054   Code   RO           24    i.SetHsiClock48     system_stm32f10x.o
    0x08001f04   0x08001f04   0x00000008   Code   RO           25    i.SetSysClock       system_stm32f10x.o
    0x08001f0c   0x08001f0c   0x00000038   Code   RO         2956    i.Start_Send_PC     main.o
    0x08001f44   0x08001f44   0x00000008   Code   RO         3276    i.SysTick_Handler   stm32f10x_it.o
    0x08001f4c   0x08001f4c   0x00000138   Code   RO         2957    i.SysTick_ISR       main.o
    0x08002084   0x08002084   0x00000054   Code   RO           26    i.SystemInit        system_stm32f10x.o
    0x080020d8   0x080020d8   0x0000001c   Code   RO         3277    i.TIM2_IRQHandler   stm32f10x_it.o
    0x080020f4   0x080020f4   0x00000088   Code   RO         2958    i.TIMER_Configuration  main.o
    0x0800217c   0x0800217c   0x00000006   Code   RO         2177    i.TIM_ClearITPendingBit  stm32f10x_tim.o
    0x08002182   0x08002182   0x00000018   Code   RO         2182    i.TIM_Cmd           stm32f10x_tim.o
    0x0800219a   0x0800219a   0x00000022   Code   RO         2203    i.TIM_GetITStatus   stm32f10x_tim.o
    0x080021bc   0x080021bc   0x00000012   Code   RO         2207    i.TIM_ITConfig      stm32f10x_tim.o
    0x080021ce   0x080021ce   0x00000002   PAD
    0x080021d0   0x080021d0   0x0000003c   Code   RO         2253    i.TIM_TimeBaseInit  stm32f10x_tim.o
    0x0800220c   0x0800220c   0x00000018   Code   RO         2256    i.TIM_UpdateRequestConfig  stm32f10x_tim.o
    0x08002224   0x08002224   0x000001d8   Code   RO         2959    i.Timer_10ms_ISR    main.o
    0x080023fc   0x080023fc   0x00000058   Code   RO         2960    i.Timer_500ms       main.o
    0x08002454   0x08002454   0x000000b8   Code   RO         2961    i.USART1_Configuration  main.o
    0x0800250c   0x0800250c   0x00000080   Code   RO         3278    i.USART1_IRQHandler  stm32f10x_it.o
    0x0800258c   0x0800258c   0x00000030   Code   RO         2962    i.USART1_Send_Array  main.o
    0x080025bc   0x080025bc   0x00000058   Code   RO         3370    i.USART1_printf     usr_tcp232.o
    0x08002614   0x08002614   0x000000b4   Code   RO         2963    i.USART2_Configuration  main.o
    0x080026c8   0x080026c8   0x00000088   Code   RO         3279    i.USART2_IRQHandler  stm32f10x_it.o
    0x08002750   0x08002750   0x00000030   Code   RO         2964    i.USART2_Send_Array  main.o
    0x08002780   0x08002780   0x000000b8   Code   RO         2965    i.USART3_Configuration  main.o
    0x08002838   0x08002838   0x00000088   Code   RO         3280    i.USART3_IRQHandler  stm32f10x_it.o
    0x080028c0   0x080028c0   0x0000001e   Code   RO         2715    i.USART_ClearITPendingBit  stm32f10x_usart.o
    0x080028de   0x080028de   0x00000018   Code   RO         2718    i.USART_Cmd         stm32f10x_usart.o
    0x080028f6   0x080028f6   0x0000001a   Code   RO         2721    i.USART_GetFlagStatus  stm32f10x_usart.o
    0x08002910   0x08002910   0x00000054   Code   RO         2722    i.USART_GetITStatus  stm32f10x_usart.o
    0x08002964   0x08002964   0x0000004a   Code   RO         2724    i.USART_ITConfig    stm32f10x_usart.o
    0x080029ae   0x080029ae   0x00000002   PAD
    0x080029b0   0x080029b0   0x000000a0   Code   RO         2725    i.USART_Init        stm32f10x_usart.o
    0x08002a50   0x08002a50   0x0000000a   Code   RO         2730    i.USART_ReceiveData  stm32f10x_usart.o
    0x08002a5a   0x08002a5a   0x00000008   Code   RO         2733    i.USART_SendData    stm32f10x_usart.o
    0x08002a62   0x08002a62   0x00000002   PAD
    0x08002a64   0x08002a64   0x000003d0   Code   RO         3371    i.USR_INIT          usr_tcp232.o
    0x08002e34   0x08002e34   0x00000004   Code   RO         3281    i.UsageFault_Handler  stm32f10x_it.o
    0x08002e38   0x08002e38   0x0000004c   Code   RO         2966    i.WriteIni          main.o
    0x08002e84   0x08002e84   0x00000020   Code   RO         3773    i.__0printf         mc_w.l(printfa.o)
    0x08002ea4   0x08002ea4   0x00000028   Code   RO         3775    i.__0sprintf        mc_w.l(printfa.o)
    0x08002ecc   0x08002ecc   0x0000002c   Code   RO         3778    i.__0vsnprintf      mc_w.l(printfa.o)
    0x08002ef8   0x08002ef8   0x0000000e   Code   RO         3853    i.__scatterload_copy  mc_w.l(handlers.o)
    0x08002f06   0x08002f06   0x00000002   Code   RO         3854    i.__scatterload_null  mc_w.l(handlers.o)
    0x08002f08   0x08002f08   0x0000000e   Code   RO         3855    i.__scatterload_zeroinit  mc_w.l(handlers.o)
    0x08002f16   0x08002f16   0x00000002   PAD
    0x08002f18   0x08002f18   0x00000184   Code   RO         3780    i._fp_digits        mc_w.l(printfa.o)
    0x0800309c   0x0800309c   0x000006dc   Code   RO         3781    i._printf_core      mc_w.l(printfa.o)
    0x08003778   0x08003778   0x00000024   Code   RO         3782    i._printf_post_padding  mc_w.l(printfa.o)
    0x0800379c   0x0800379c   0x0000002e   Code   RO         3783    i._printf_pre_padding  mc_w.l(printfa.o)
    0x080037ca   0x080037ca   0x00000016   Code   RO         3784    i._snputc           mc_w.l(printfa.o)
    0x080037e0   0x080037e0   0x0000000a   Code   RO         3785    i._sputc            mc_w.l(printfa.o)
    0x080037ea   0x080037ea   0x00000002   PAD
    0x080037ec   0x080037ec   0x00000024   Code   RO         3372    i.buff_clear        usr_tcp232.o
    0x08003810   0x08003810   0x0000001a   Code   RO          880    i.delay             stm32f10x_flash.o
    0x0800382a   0x0800382a   0x00000002   PAD
    0x0800382c   0x0800382c   0x0000003c   Code   RO         3374    i.esp_send_data     usr_tcp232.o
    0x08003868   0x08003868   0x0000003e   Code   RO         2967    i.filter            main.o
    0x080038a6   0x080038a6   0x00000002   PAD
    0x080038a8   0x080038a8   0x0000001c   Code   RO         2968    i.fputc             main.o
    0x080038c4   0x080038c4   0x000000bc   Code   RO         2969    i.global_variable_init  main.o
    0x08003980   0x08003980   0x0000006c   Code   RO         3490    i.hw_led_fls        led.o
    0x080039ec   0x080039ec   0x0000001c   Code   RO         3473    i.hw_led_off        led.o
    0x08003a08   0x08003a08   0x00000028   Code   RO         3484    i.hw_led_on         led.o
    0x08003a30   0x08003a30   0x00000234   Code   RO         2970    i.main              main.o
    0x08003c64   0x08003c64   0x00000048   Code   RO         2971    i.mp3_Play          main.o
    0x08003cac   0x08003cac   0x00000054   Code   RO         3377    i.recv_process      usr_tcp232.o
    0x08003d00   0x08003d00   0x00000014   Data   RO           27    .constdata          system_stm32f10x.o
    0x08003d14   0x08003d14   0x00000002   Data   RO         3451    .constdata          led.o
    0x08003d16   0x08003d16   0x00000002   PAD
    0x08003d18   0x08003d18   0x00000020   Data   RO         3851    Region$$Table       anon$$obj.o


    Execution Region RW_IRAM1 (Exec base: 0x20000000, Load base: 0x08003d38, Size: 0x00000990, Max: 0x00005000, ABSOLUTE)

    Exec Addr    Load Addr    Size         Type   Attr      Idx    E Section Name        Object

    0x20000000   0x08003d38   0x00000014   Data   RW         1578    .data               stm32f10x_rcc.o
    0x20000014   0x08003d4c   0x000000a8   Data   RW         2973    .data               main.o
    0x200000bc   0x08003df4   0x00000013   Data   RW         3379    .data               usr_tcp232.o
    0x200000cf   0x08003e07   0x00000001   PAD
    0x200000d0   0x08003e08   0x0000001c   Data   RW         3452    .data               led.o
    0x200000ec   0x08003e24   0x00000004   Data   RW         3823    .data               mc_w.l(stdout.o)
    0x200000f0        -       0x0000029e   Zero   RW         2972    .bss                main.o
    0x2000038e        -       0x00000200   Zero   RW         3378    .bss                usr_tcp232.o
    0x2000058e   0x08003e28   0x00000002   PAD
    0x20000590        -       0x00000400   Zero   RW            1    STACK               startup_stm32f10x_hd.o


==============================================================================

Image component sizes


      Code (inc. data)   RO Data    RW Data    ZI Data      Debug   Object Name

         0          0          0          0          0       4508   core_cm3.o
       176         42          2         28          0       3305   led.o
      5700        412          0        168        670     288272   main.o
       200         14          0          0          0       1500   manage.o
       132         22          0          0          0       1643   misc.o
        48         12        304          0       1024        932   startup_stm32f10x_hd.o
       390         10          0          0          0       7729   stm32f10x_adc.o
       414         10          0          0          0       3018   stm32f10x_dma.o
       364         42          0          0          0       6646   stm32f10x_flash.o
       424          6          0          0          0       5176   stm32f10x_gpio.o
       462         40          0          0          0      15897   stm32f10x_it.o
       620         98          0         20          0      10977   stm32f10x_rcc.o
       166         10          0          0          0       6692   stm32f10x_tim.o
       416          4          0          0          0       7007   stm32f10x_usart.o
       176         14         20          0          0     266593   system_stm32f10x.o
      1244        290          0         19        512       5754   usr_tcp232.o

    ----------------------------------------------------------------------
     10968       1026        360        236       2208     635649   Object Totals
         0          0         32          0          0          0   (incl. Generated)
        36          0          2          1          2          0   (incl. Padding)

    ----------------------------------------------------------------------

      Code (inc. data)   RO Data    RW Data    ZI Data      Debug   Library Member Name

         0          0          0          0          0          0   entry.o
         0          0          0          0          0          0   entry10a.o
         0          0          0          0          0          0   entry11a.o
         8          4          0          0          0          0   entry2.o
         4          0          0          0          0          0   entry5.o
         0          0          0          0          0          0   entry7b.o
         0          0          0          0          0          0   entry8b.o
         8          4          0          0          0          0   entry9a.o
        30          0          0          0          0          0   handlers.o
        36          8          0          0          0         68   init.o
         0          0          0          0          0          0   iusefp.o
        30          0          0          0          0         68   llshl.o
        36          0          0          0          0         68   llsshr.o
        32          0          0          0          0         68   llushr.o
        36          0          0          0          0         68   memcpya.o
        36          0          0          0          0        108   memseta.o
      2374        100          0          0          0        752   printfa.o
         0          0          0          4          0          0   stdout.o
        18          0          0          0          0         68   strcpy.o
        48          0          0          0          0         76   strlcpy.o
        14          0          0          0          0         68   strlen.o
        36          0          0          0          0         80   strstr.o
        44          0          0          0          0         80   uidiv.o
        98          0          0          0          0         92   uldiv.o
        48          0          0          0          0         68   cdrcmple.o
       334          0          0          0          0        148   dadd.o
       222          0          0          0          0        100   ddiv.o
       186          0          0          0          0        176   depilogue.o
        48          0          0          0          0         68   dfixul.o
       228          0          0          0          0         96   dmul.o
       124          0          0          0          0         88   fdiv.o
       110          0          0          0          0        168   fepilogue.o
        40          0          0          0          0         68   ffixui.o
        10          0          0          0          0         68   ffltui.o
       100          0          0          0          0         76   fmul.o

    ----------------------------------------------------------------------
      4344        116          0          4          0       2788   Library Totals
         6          0          0          0          0          0   (incl. Padding)

    ----------------------------------------------------------------------

      Code (inc. data)   RO Data    RW Data    ZI Data      Debug   Library Name

      2888        116          0          4          0       1664   mc_w.l
      1450          0          0          0          0       1124   mf_w.l

    ----------------------------------------------------------------------
      4344        116          0          4          0       2788   Library Totals

    ----------------------------------------------------------------------

==============================================================================


      Code (inc. data)   RO Data    RW Data    ZI Data      Debug   

     15312       1142        360        240       2208     631309   Grand Totals
     15312       1142        360        240       2208     631309   ELF Image Totals
     15312       1142        360        240          0          0   ROM Totals

==============================================================================

    Total RO  Size (Code + RO Data)                15672 (  15.30kB)
    Total RW  Size (RW Data + ZI Data)              2448 (   2.39kB)
    Total ROM Size (Code + RO Data + RW Data)      15912 (  15.54kB)

==============================================================================

